// Jest Snapshot v1, https://goo.gl/fbAQLP

exports[`Roster matches snapshot 1`] = `
<DocumentFragment>
  <div
    class="grid-container"
  >
    <a
      class="oec-directional-link"
      href="/roster"
    >
      <svg
        class="oec-directional-link__arrow oec-directional-link__arrow--direction-left oec-directional-link__arrow--side-left"
      >
        arrowRight.svg
      </svg>
      Back to program roster
    </a>
  </div>
  <div
    class="grid-container"
  >
    <div
      class="margin-bottom-2 grid-row flex-first-baseline flex-space-between"
    >
      <div
        class="tablet:grid-col-fill"
      >
        <h1
          class="tablet:grid-col-auto"
        >
          Test Site
        </h1>
        <p
          class="intro display-flex flex-row flex-wrap flex-justify-start"
        >
          9 children enrolled. 
          <button
            class="usa-button usa-button--unstyled"
            type="button"
          >
            View past enrollments
          </button>
        </p>
      </div>
      <div
        class="tablet:grid-col-auto"
      >
        <a
          class="usa-button margin-right-0"
          href="/roster/sites/1/enroll"
        >
          Enroll child
        </a>
      </div>
    </div>
    <ul
      class="margin-y-2 oec-legend add-list-reset grid-row grid-gap"
    >
      <li
        class="oec-legend__item oec-legend-item margin-right-1"
      >
        <div
          class="oec-legend-item__symbol undefined"
        >
          <span
            class="usa-tag position-relative top-neg-2px bg-blue-50v"
          >
            CDC
          </span>
        </div>
        <div
          class="oec-legend-item__text width-fit-content display-inline margin-left-1 "
        >
          <span
            class="text-bold"
          >
            9
          </span>
          <span>
             CDC spaces filled
          </span>
        </div>
      </li>
      <li
        class="oec-legend__item oec-legend-item margin-right-1"
      >
        <div
          class="oec-legend-item__symbol undefined"
        >
          <span
            class="position-relative top-neg-2px oec-inline-icon oec-inline-icon--incomplete"
          >
            <svg>
              error.svg
            </svg>
            <span
              class="usa-sr-only"
            >
              (incomplete)
            </span>
          </span>
        </div>
        <div
          class="oec-legend-item__text width-fit-content display-inline margin-left-1 "
        >
          <span
            class="text-bold"
          >
            2
          </span>
          <span>
             missing information
          </span>
        </div>
      </li>
    </ul>
    <h2
      class="margin-top-6"
    >
      Infant/toddler (2 children)
    </h2>
    <ul
      class="margin-y-2 oec-legend add-list-reset grid-col"
    >
      <li
        class="oec-legend__item oec-legend-item margin-y-1"
      >
        <div
          class="oec-legend-item__symbol undefined"
        >
          <span
            class="usa-tag bg-blue-50v"
          >
            CDC–FT
          </span>
        </div>
        <div
          class="oec-legend-item__text width-fit-content display-inline margin-left-1 "
        >
          <span>
            Full time — 
          </span>
          <span
            class="text-bold"
          >
            1
          </span>
          <span>
             spaces filled
          </span>
        </div>
      </li>
      <li
        class="oec-legend__item oec-legend-item margin-y-1"
      >
        <div
          class="oec-legend-item__symbol undefined"
        >
          <span
            class="usa-tag bg-blue-50v"
          >
            CDC–PT
          </span>
        </div>
        <div
          class="oec-legend-item__text width-fit-content display-inline margin-left-1 "
        >
          <span>
            Part time — 
          </span>
          <span
            class="text-bold"
          >
            1
          </span>
          <span>
             spaces filled
          </span>
        </div>
      </li>
    </ul>
    <table
      class="oec-table oec-table--full-width"
      id="InfantToddler-roster-table"
    >
      <thead>
        <tr>
          <th
            aria-sort="ascending"
            class="oec-table__column-header oec-sortable"
            role="columnheader"
            scope="col"
            style="width: 25%;"
          >
            <button
              aria-label="Sort table by Name in descending order"
              class="oec-table__column-title usa-button--unstyled width-full"
            >
              Name
              <div
                class="oec-table__sort-controls"
              >
                <span
                  class="oec-table__sort-controls__asc active"
                />
                <span
                  class="oec-table__sort-controls__desc"
                />
              </div>
            </button>
          </th>
          <th
            aria-sort="ascending"
            class="oec-table__column-header oec-sortable"
            role="columnheader"
            scope="col"
            style="width: 20%;"
          >
            <button
              aria-label="Sort table by Birthdate in ascending order"
              class="oec-table__column-title usa-button--unstyled width-full"
            >
              Birthdate
              <div
                class="oec-table__sort-controls"
              >
                <span
                  class="oec-table__sort-controls__asc"
                />
                <span
                  class="oec-table__sort-controls__desc"
                />
              </div>
            </button>
          </th>
          <th
            aria-sort="ascending"
            class="oec-table__column-header oec-sortable"
            role="columnheader"
            scope="col"
            style="width: 20%;"
          >
            <button
              aria-label="Sort table by Funding in ascending order"
              class="oec-table__column-title usa-button--unstyled width-full"
            >
              Funding
              <div
                class="oec-table__sort-controls"
              >
                <span
                  class="oec-table__sort-controls__asc"
                />
                <span
                  class="oec-table__sort-controls__desc"
                />
              </div>
            </button>
          </th>
          <th
            aria-sort="ascending"
            class="oec-table__column-header oec-sortable"
            role="columnheader"
            scope="col"
            style="width: 20%;"
          >
            <button
              aria-label="Sort table by Enrollment date in ascending order"
              class="oec-table__column-title usa-button--unstyled width-full"
            >
              Enrollment date
              <div
                class="oec-table__sort-controls"
              >
                <span
                  class="oec-table__sort-controls__asc"
                />
                <span
                  class="oec-table__sort-controls__desc"
                />
              </div>
            </button>
          </th>
        </tr>
      </thead>
      <tbody>
        <tr>
          <th
            scope="row"
          >
            <a
              class="usa-link print"
              href="/roster/sites/1/enrollments/8/"
            >
              Potter, Lily Luna
            </a>
             
          </th>
          <td
            class="oec-table__cell--tabular-nums"
          >
            12/12/2016
          </td>
          <td>
            <span
              class="usa-tag bg-blue-50v"
            >
              CDC–PT
            </span>
          </td>
          <td
            class="oec-table__cell--tabular-nums"
          >
            02/03/2018
          </td>
        </tr>
        <tr>
          <th
            scope="row"
          >
            <a
              class="usa-link print"
              href="/roster/sites/1/enrollments/9/"
            >
              Potter, Lily Luna
            </a>
             
          </th>
          <td
            class="oec-table__cell--tabular-nums"
          >
            12/12/2016
          </td>
          <td>
            <span
              class="usa-tag bg-blue-50v"
            >
              CDC–FT
            </span>
          </td>
          <td
            class="oec-table__cell--tabular-nums"
          >
            02/03/2018
          </td>
        </tr>
      </tbody>
    </table>
    <h2
      class="margin-top-6"
    >
      Preschool (7 children)
    </h2>
    <ul
      class="margin-y-2 oec-legend add-list-reset grid-col"
    >
      <li
        class="oec-legend__item oec-legend-item margin-y-1"
      >
        <div
          class="oec-legend-item__symbol undefined"
        >
          <span
            class="usa-tag bg-blue-50v"
          >
            CDC–FT
          </span>
        </div>
        <div
          class="oec-legend-item__text width-fit-content display-inline margin-left-1 "
        >
          <span>
            Full time — 
          </span>
          <span
            class="text-bold"
          >
            6
          </span>
          <span>
             spaces filled
          </span>
        </div>
      </li>
      <li
        class="oec-legend__item oec-legend-item margin-y-1"
      >
        <div
          class="oec-legend-item__symbol undefined"
        >
          <span
            class="usa-tag bg-blue-50v"
          >
            CDC–PT
          </span>
        </div>
        <div
          class="oec-legend-item__text width-fit-content display-inline margin-left-1 "
        >
          <span>
            Part time — 
          </span>
          <span
            class="text-bold"
          >
            1
          </span>
          <span>
             spaces filled
          </span>
        </div>
      </li>
    </ul>
    <table
      class="oec-table oec-table--full-width"
      id="Preschool-roster-table"
    >
      <thead>
        <tr>
          <th
            aria-sort="ascending"
            class="oec-table__column-header oec-sortable"
            role="columnheader"
            scope="col"
            style="width: 25%;"
          >
            <button
              aria-label="Sort table by Name in descending order"
              class="oec-table__column-title usa-button--unstyled width-full"
            >
              Name
              <div
                class="oec-table__sort-controls"
              >
                <span
                  class="oec-table__sort-controls__asc active"
                />
                <span
                  class="oec-table__sort-controls__desc"
                />
              </div>
            </button>
          </th>
          <th
            aria-sort="ascending"
            class="oec-table__column-header oec-sortable"
            role="columnheader"
            scope="col"
            style="width: 20%;"
          >
            <button
              aria-label="Sort table by Birthdate in ascending order"
              class="oec-table__column-title usa-button--unstyled width-full"
            >
              Birthdate
              <div
                class="oec-table__sort-controls"
              >
                <span
                  class="oec-table__sort-controls__asc"
                />
                <span
                  class="oec-table__sort-controls__desc"
                />
              </div>
            </button>
          </th>
          <th
            aria-sort="ascending"
            class="oec-table__column-header oec-sortable"
            role="columnheader"
            scope="col"
            style="width: 20%;"
          >
            <button
              aria-label="Sort table by Funding in ascending order"
              class="oec-table__column-title usa-button--unstyled width-full"
            >
              Funding
              <div
                class="oec-table__sort-controls"
              >
                <span
                  class="oec-table__sort-controls__asc"
                />
                <span
                  class="oec-table__sort-controls__desc"
                />
              </div>
            </button>
          </th>
          <th
            aria-sort="ascending"
            class="oec-table__column-header oec-sortable"
            role="columnheader"
            scope="col"
            style="width: 20%;"
          >
            <button
              aria-label="Sort table by Enrollment date in ascending order"
              class="oec-table__column-title usa-button--unstyled width-full"
            >
              Enrollment date
              <div
                class="oec-table__sort-controls"
              >
                <span
                  class="oec-table__sort-controls__asc"
                />
                <span
                  class="oec-table__sort-controls__desc"
                />
              </div>
            </button>
          </th>
        </tr>
      </thead>
      <tbody>
        <tr>
          <th
            scope="row"
          >
            <a
              class="usa-link print"
              href="/roster/sites/1/enrollments/1/"
            >
              Potter, Lily Luna
            </a>
             
          </th>
          <td
            class="oec-table__cell--tabular-nums"
          >
            12/12/2016
          </td>
          <td>
            <span
              class="usa-tag bg-blue-50v"
            >
              CDC–FT
            </span>
          </td>
          <td
            class="oec-table__cell--tabular-nums"
          >
            02/03/2018
          </td>
        </tr>
        <tr>
          <th
            scope="row"
          >
            <a
              class="usa-link print"
              href="/roster/sites/1/enrollments/2/"
            >
              Potter, Lily Luna
            </a>
             
            <span
              class="oec-inline-icon oec-inline-icon--incomplete"
            >
              <svg>
                error.svg
              </svg>
              <span
                class="usa-sr-only"
              >
                (incomplete)
              </span>
            </span>
          </th>
          <td
            class="oec-table__cell--tabular-nums"
          >
            12/12/2016
          </td>
          <td>
            <span
              class="usa-tag bg-blue-50v"
            >
              CDC–FT
            </span>
          </td>
          <td
            class="oec-table__cell--tabular-nums"
          >
            02/03/2018
          </td>
        </tr>
        <tr>
          <th
            scope="row"
          >
            <a
              class="usa-link print"
              href="/roster/sites/1/enrollments/4/"
            >
              Potter, Lily Luna
            </a>
             
            <span
              class="oec-inline-icon oec-inline-icon--incomplete"
            >
              <svg>
                error.svg
              </svg>
              <span
                class="usa-sr-only"
              >
                (incomplete)
              </span>
            </span>
          </th>
          <td
            class="oec-table__cell--tabular-nums"
          >
            12/12/2016
          </td>
          <td>
            <span
              class="usa-tag bg-blue-50v"
            >
              CDC–FT
            </span>
          </td>
          <td
            class="oec-table__cell--tabular-nums"
          >
            02/03/2018
          </td>
        </tr>
        <tr>
          <th
            scope="row"
          >
            <a
              class="usa-link print"
              href="/roster/sites/1/enrollments/5/"
            >
              Potter, Lily Luna
            </a>
             
          </th>
          <td
            class="oec-table__cell--tabular-nums"
          >
            12/12/2016
          </td>
          <td>
            <span
              class="usa-tag bg-blue-50v"
            >
              CDC–FT
            </span>
          </td>
          <td
            class="oec-table__cell--tabular-nums"
          >
            03/01/2019
          </td>
        </tr>
        <tr>
          <th
            scope="row"
          >
            <a
              class="usa-link print"
              href="/roster/sites/1/enrollments/6/"
            >
              Potter, Lily Luna
            </a>
             
          </th>
          <td
            class="oec-table__cell--tabular-nums"
          >
            12/12/2016
          </td>
          <td>
            <span
              class="usa-tag bg-blue-50v"
            >
              CDC–FT
            </span>
          </td>
          <td
            class="oec-table__cell--tabular-nums"
          >
            02/03/2018
          </td>
        </tr>
        <tr>
          <th
            scope="row"
          >
            <a
              class="usa-link print"
              href="/roster/sites/1/enrollments/7/"
            >
              Potter, Lily Luna
            </a>
             
          </th>
          <td
            class="oec-table__cell--tabular-nums"
          >
            12/12/2016
          </td>
          <td>
            <span
              class="usa-tag bg-blue-50v"
            >
              CDC–PT
            </span>
          </td>
          <td
            class="oec-table__cell--tabular-nums"
          >
            02/03/2018
          </td>
        </tr>
        <tr>
          <th
            scope="row"
          >
            <a
              class="usa-link print"
              href="/roster/sites/1/enrollments/1/"
            >
              Potter, Lily Luna
            </a>
             
          </th>
          <td
            class="oec-table__cell--tabular-nums"
          >
            12/12/2016
          </td>
          <td>
            <span
              class="usa-tag bg-blue-50v"
            >
              CDC–FT
            </span>
          </td>
          <td
            class="oec-table__cell--tabular-nums"
          >
            02/03/2018
          </td>
        </tr>
      </tbody>
    </table>
  </div>
</DocumentFragment>
`;
