// Jest Snapshot v1, https://goo.gl/fbAQLP

exports[`ReportDetail matches snapshot 1`] = `
<DocumentFragment>
  <div
    class="grid-container"
  >
    <a
      class="usa-button usa-button--unstyled text-bold"
      href="/reports"
    >
      <span
        class="oec-text-with-icon text-underline"
      >
        <svg
          class="oec-text-with-icon__icon oec-text-with-icon__icon--direction-left oec-text-with-icon__icon--side-left"
        >
          arrowRight.svg
        </svg>
        Back to reports
      </span>
    </a>
    <div
      class="usa-alert usa-alert--error grid-row margin-y-4"
      role="alert"
    >
      <div
        class="display-flex flex-fill"
      >
        <div
          class="usa-alert__body grid-col flex-fill"
        >
          <h2
            class="usa-alert__heading"
          >
            Update roster
          </h2>
          <p
            class="usa-alert__text"
          >
            There are 2 enrollments missing information required to submit this report.
          </p>
        </div>
        <div
          class="usa-alert__body flex-auto display-flex flex-align-center"
        >
          <a
            class="usa-button"
            href="/batch-edit"
          >
            Update enrollments
          </a>
        </div>
      </div>
    </div>
  </div>
  <div
    class="grid-container"
  >
    <div
      class="grid-row flex-first-baseline flex-space-between"
    >
      <h1
        class="tablet:grid-col-auto"
      >
        September 2019 CDC Report 
        <span
          class="usa-tag usa-tag--no-transform margin-left-1 text-middle bg-gold-20v"
        >
          DRAFT
        </span>
      </h1>
      <div
        class="tablet:grid-col-auto print-btn"
      >
        <button
          class="usa-button usa-button--outline"
          type="button"
        >
          Print
        </button>
      </div>
    </div>
    <p
      class="usa-intro"
    >
      Test Organization 
      <br />
      September 01, 2019–September 28, 2019
    </p>
    <form
      autocomplete="off"
      class=""
      novalidate=""
    >
      <div
        class="usa-checkbox"
      >
        <input
          checked=""
          class="usa-checkbox__input"
          id="accredited"
          type="checkbox"
          value="accredited"
        />
        <label
          class="usa-checkbox__label"
          for="accredited"
        >
          Program accredited by NAEYC
        </label>
      </div>
      <div
        class="oec-tab-nav"
      >
        <div
          class="oec-tab-nav--header"
        >
          <nav>
            <ul>
              <li>
                <button
                  class="oec-tab-nav--tab oec-tab-nav--tab__active"
                  type="button"
                >
                  Roster
                </button>
              </li>
              <li>
                <button
                  class="oec-tab-nav--tab"
                  type="button"
                >
                  Revenue
                </button>
              </li>
            </ul>
          </nav>
        </div>
        <div
          class="oec-tab-nav--content"
        >
          <div
            class="margin-top-2"
          >
            <h1
              class="tablet:grid-col-auto"
            >
              Report roster
            </h1>
            <ul
              class="margin-y-2 oec-legend add-list-reset grid-row grid-gap"
            >
              <li
                class="oec-legend__item oec-legend-item margin-right-1"
              >
                <div
                  class="oec-legend-item__symbol undefined"
                >
                  <span
                    class="usa-tag usa-tag--no-transform position-relative top-neg-2px bg-blue-50v"
                  >
                    CDC
                  </span>
                </div>
                <div
                  class="oec-legend-item__text width-fit-content display-inline margin-left-1 "
                >
                  <span
                    class="text-bold"
                  >
                    2/70
                  </span>
                  <span>
                     CDC spaces filled
                  </span>
                </div>
              </li>
            </ul>
            <h2
              class="margin-top-6"
            >
              Infant/toddler (0 children)
            </h2>
            <ul
              class="margin-y-2 oec-legend add-list-reset grid-col"
            >
              <li
                class="oec-legend__item oec-legend-item margin-y-1"
              >
                <div
                  class="oec-legend-item__symbol undefined"
                >
                  <span
                    class="usa-tag usa-tag--no-transform bg-blue-50v"
                  >
                    Full time
                  </span>
                </div>
                <div
                  class="oec-legend-item__text width-fit-content display-inline margin-left-1 "
                >
                  <span>
                    Full time — 
                  </span>
                  <span
                    class="text-bold"
                  >
                    0/10
                  </span>
                  <span>
                     spaces filled
                  </span>
                </div>
              </li>
              <li
                class="oec-legend__item oec-legend-item margin-y-1"
              >
                <div
                  class="oec-legend-item__symbol undefined"
                >
                  <span
                    class="usa-tag usa-tag--no-transform bg-blue-50v"
                  >
                    Part time
                  </span>
                </div>
                <div
                  class="oec-legend-item__text width-fit-content display-inline margin-left-1 "
                >
                  <span>
                    Part time — 
                  </span>
                  <span
                    class="text-bold"
                  >
                    0/10
                  </span>
                  <span>
                     spaces filled
                  </span>
                </div>
              </li>
              <li
                class="oec-legend__item oec-legend-item margin-y-1"
              >
                <div
                  class="oec-legend-item__symbol undefined"
                >
                  <span
                    class="usa-tag usa-tag--no-transform bg-blue-50v"
                  >
                    PT/FT
                  </span>
                </div>
                <div
                  class="oec-legend-item__text width-fit-content display-inline margin-left-1 "
                >
                  <span>
                    Full time / part time — 
                  </span>
                  <span
                    class="text-bold"
                  >
                    0/10
                  </span>
                  <span>
                     spaces filled
                  </span>
                </div>
              </li>
            </ul>
            <table
              class="oec-table oec-table--full-width"
              id="InfantToddler-roster-table"
            >
              <thead>
                <tr>
                  <th
                    aria-sort="ascending"
                    class="oec-table__column-header oec-sortable oec-sorted"
                    role="columnheader"
                    scope="col"
                    style="width: 30%;"
                  >
                    <button
                      aria-label="Sort table by Name in descending order"
                      class="oec-table__column-title usa-button--unstyled width-full"
                    >
                      Name
                      <div
                        class="oec-table__sort-controls oec-table__sort-controls--ascending"
                      >
                        <svg
                          title="Sort"
                        >
                          downArrowCircle.svg
                        </svg>
                      </div>
                    </button>
                  </th>
                  <th
                    aria-sort="ascending"
                    class="oec-table__column-header oec-sortable oec-unsorted"
                    role="columnheader"
                    scope="col"
                    style="width: 22%;"
                  >
                    <button
                      aria-label="Sort table by Birthdate in ascending order"
                      class="oec-table__column-title usa-button--unstyled width-full"
                    >
                      Birthdate
                      <div
                        class="oec-table__sort-controls"
                      >
                        <svg
                          title="Sort"
                        >
                          downArrowCircle.svg
                        </svg>
                      </div>
                    </button>
                  </th>
                  <th
                    aria-sort="ascending"
                    class="oec-table__column-header oec-sortable oec-unsorted"
                    role="columnheader"
                    scope="col"
                    style="width: 23%;"
                  >
                    <button
                      aria-label="Sort table by Funding in ascending order"
                      class="oec-table__column-title usa-button--unstyled width-full"
                    >
                      Funding
                      <div
                        class="oec-table__sort-controls"
                      >
                        <svg
                          title="Sort"
                        >
                          downArrowCircle.svg
                        </svg>
                      </div>
                    </button>
                  </th>
                  <th
                    aria-sort="ascending"
                    class="oec-table__column-header oec-sortable oec-unsorted"
                    role="columnheader"
                    scope="col"
                    style="width: 25%;"
                  >
                    <button
                      aria-label="Sort table by Enrolled on in ascending order"
                      class="oec-table__column-title usa-button--unstyled width-full"
                    >
                      Enrolled on
                      <div
                        class="oec-table__sort-controls"
                      >
                        <svg
                          title="Sort"
                        >
                          downArrowCircle.svg
                        </svg>
                      </div>
                    </button>
                  </th>
                </tr>
              </thead>
              <tbody />
            </table>
            <h2
              class="margin-top-6"
            >
              Preschool (2 children)
            </h2>
            <ul
              class="margin-y-2 oec-legend add-list-reset grid-col"
            >
              <li
                class="oec-legend__item oec-legend-item margin-y-1"
              >
                <div
                  class="oec-legend-item__symbol undefined"
                >
                  <span
                    class="usa-tag usa-tag--no-transform bg-blue-50v"
                  >
                    Full time
                  </span>
                </div>
                <div
                  class="oec-legend-item__text width-fit-content display-inline margin-left-1 "
                >
                  <span>
                    Full time — 
                  </span>
                  <span
                    class="text-bold"
                  >
                    2/10
                  </span>
                  <span>
                     spaces filled
                  </span>
                </div>
              </li>
              <li
                class="oec-legend__item oec-legend-item margin-y-1"
              >
                <div
                  class="oec-legend-item__symbol undefined"
                >
                  <span
                    class="usa-tag usa-tag--no-transform bg-blue-50v"
                  >
                    Part time
                  </span>
                </div>
                <div
                  class="oec-legend-item__text width-fit-content display-inline margin-left-1 "
                >
                  <span>
                    Part time — 
                  </span>
                  <span
                    class="text-bold"
                  >
                    0/10
                  </span>
                  <span>
                     spaces filled
                  </span>
                </div>
              </li>
            </ul>
            <table
              class="oec-table oec-table--full-width"
              id="Preschool-roster-table"
            >
              <thead>
                <tr>
                  <th
                    aria-sort="ascending"
                    class="oec-table__column-header oec-sortable oec-sorted"
                    role="columnheader"
                    scope="col"
                    style="width: 30%;"
                  >
                    <button
                      aria-label="Sort table by Name in descending order"
                      class="oec-table__column-title usa-button--unstyled width-full"
                    >
                      Name
                      <div
                        class="oec-table__sort-controls oec-table__sort-controls--ascending"
                      >
                        <svg
                          title="Sort"
                        >
                          downArrowCircle.svg
                        </svg>
                      </div>
                    </button>
                  </th>
                  <th
                    aria-sort="ascending"
                    class="oec-table__column-header oec-sortable oec-unsorted"
                    role="columnheader"
                    scope="col"
                    style="width: 22%;"
                  >
                    <button
                      aria-label="Sort table by Birthdate in ascending order"
                      class="oec-table__column-title usa-button--unstyled width-full"
                    >
                      Birthdate
                      <div
                        class="oec-table__sort-controls"
                      >
                        <svg
                          title="Sort"
                        >
                          downArrowCircle.svg
                        </svg>
                      </div>
                    </button>
                  </th>
                  <th
                    aria-sort="ascending"
                    class="oec-table__column-header oec-sortable oec-unsorted"
                    role="columnheader"
                    scope="col"
                    style="width: 23%;"
                  >
                    <button
                      aria-label="Sort table by Funding in ascending order"
                      class="oec-table__column-title usa-button--unstyled width-full"
                    >
                      Funding
                      <div
                        class="oec-table__sort-controls"
                      >
                        <svg
                          title="Sort"
                        >
                          downArrowCircle.svg
                        </svg>
                      </div>
                    </button>
                  </th>
                  <th
                    aria-sort="ascending"
                    class="oec-table__column-header oec-sortable oec-unsorted"
                    role="columnheader"
                    scope="col"
                    style="width: 25%;"
                  >
                    <button
                      aria-label="Sort table by Enrolled on in ascending order"
                      class="oec-table__column-title usa-button--unstyled width-full"
                    >
                      Enrolled on
                      <div
                        class="oec-table__sort-controls"
                      >
                        <svg
                          title="Sort"
                        >
                          downArrowCircle.svg
                        </svg>
                      </div>
                    </button>
                  </th>
                </tr>
              </thead>
              <tbody>
                <tr>
                  <th
                    scope="row"
                  >
                    <a
                      class="usa-link print"
                      href="/roster/sites/1/enrollments/1/"
                    >
                      Potter, Lily Luna
                    </a>
                     
                  </th>
                  <td
                    class="oec-table__cell--tabular-nums"
                  >
                    12/12/2016
                  </td>
                  <td>
                    <span
                      class="usa-tag usa-tag--no-transform bg-blue-50v"
                    >
                      Full time
                    </span>
                  </td>
                  <td
                    class="oec-table__cell--tabular-nums"
                  >
                    02/03/2018
                  </td>
                </tr>
                <tr>
                  <th
                    scope="row"
                  >
                    <a
                      class="usa-link print"
                      href="/roster/sites/1/enrollments/6/"
                    >
                      Potter, Lily Luna
                    </a>
                     
                  </th>
                  <td
                    class="oec-table__cell--tabular-nums"
                  >
                    12/12/2016
                  </td>
                  <td>
                    <span
                      class="usa-tag usa-tag--no-transform bg-blue-50v"
                    >
                      Full time
                    </span>
                  </td>
                  <td
                    class="oec-table__cell--tabular-nums"
                  >
                    02/03/2018
                  </td>
                </tr>
              </tbody>
            </table>
            <h2
              class="margin-top-6"
            >
              School age (0 children)
            </h2>
            <ul
              class="margin-y-2 oec-legend add-list-reset grid-col"
            >
              <li
                class="oec-legend__item oec-legend-item margin-y-1"
              >
                <div
                  class="oec-legend-item__symbol undefined"
                >
                  <span
                    class="usa-tag usa-tag--no-transform bg-blue-50v"
                  >
                    Full time
                  </span>
                </div>
                <div
                  class="oec-legend-item__text width-fit-content display-inline margin-left-1 "
                >
                  <span>
                    Full time — 
                  </span>
                  <span
                    class="text-bold"
                  >
                    0/10
                  </span>
                  <span>
                     spaces filled
                  </span>
                </div>
              </li>
              <li
                class="oec-legend__item oec-legend-item margin-y-1"
              >
                <div
                  class="oec-legend-item__symbol undefined"
                >
                  <span
                    class="usa-tag usa-tag--no-transform bg-blue-50v"
                  >
                    Part time
                  </span>
                </div>
                <div
                  class="oec-legend-item__text width-fit-content display-inline margin-left-1 "
                >
                  <span>
                    Part time — 
                  </span>
                  <span
                    class="text-bold"
                  >
                    0/10
                  </span>
                  <span>
                     spaces filled
                  </span>
                </div>
              </li>
            </ul>
            <table
              class="oec-table oec-table--full-width"
              id="SchoolAge-roster-table"
            >
              <thead>
                <tr>
                  <th
                    aria-sort="ascending"
                    class="oec-table__column-header oec-sortable oec-sorted"
                    role="columnheader"
                    scope="col"
                    style="width: 30%;"
                  >
                    <button
                      aria-label="Sort table by Name in descending order"
                      class="oec-table__column-title usa-button--unstyled width-full"
                    >
                      Name
                      <div
                        class="oec-table__sort-controls oec-table__sort-controls--ascending"
                      >
                        <svg
                          title="Sort"
                        >
                          downArrowCircle.svg
                        </svg>
                      </div>
                    </button>
                  </th>
                  <th
                    aria-sort="ascending"
                    class="oec-table__column-header oec-sortable oec-unsorted"
                    role="columnheader"
                    scope="col"
                    style="width: 22%;"
                  >
                    <button
                      aria-label="Sort table by Birthdate in ascending order"
                      class="oec-table__column-title usa-button--unstyled width-full"
                    >
                      Birthdate
                      <div
                        class="oec-table__sort-controls"
                      >
                        <svg
                          title="Sort"
                        >
                          downArrowCircle.svg
                        </svg>
                      </div>
                    </button>
                  </th>
                  <th
                    aria-sort="ascending"
                    class="oec-table__column-header oec-sortable oec-unsorted"
                    role="columnheader"
                    scope="col"
                    style="width: 23%;"
                  >
                    <button
                      aria-label="Sort table by Funding in ascending order"
                      class="oec-table__column-title usa-button--unstyled width-full"
                    >
                      Funding
                      <div
                        class="oec-table__sort-controls"
                      >
                        <svg
                          title="Sort"
                        >
                          downArrowCircle.svg
                        </svg>
                      </div>
                    </button>
                  </th>
                  <th
                    aria-sort="ascending"
                    class="oec-table__column-header oec-sortable oec-unsorted"
                    role="columnheader"
                    scope="col"
                    style="width: 25%;"
                  >
                    <button
                      aria-label="Sort table by Enrolled on in ascending order"
                      class="oec-table__column-title usa-button--unstyled width-full"
                    >
                      Enrolled on
                      <div
                        class="oec-table__sort-controls"
                      >
                        <svg
                          title="Sort"
                        >
                          downArrowCircle.svg
                        </svg>
                      </div>
                    </button>
                  </th>
                </tr>
              </thead>
              <tbody />
            </table>
          </div>
        </div>
      </div>
      <div
        class="display-flex flex-end margin-top-4"
      >
        <button
          class="usa-button"
          type="button"
        >
          Continue to revenue
        </button>
      </div>
    </form>
  </div>
</DocumentFragment>
`;
