// Jest Snapshot v1, https://goo.gl/fbAQLP

exports[`ReportDetail matches snapshot 1`] = `
<DocumentFragment>
  <div
    class="grid-container"
  >
    <a
      class="oec-directional-link"
      href="/reports"
    >
      <svg
        class="oec-directional-link__arrow oec-directional-link__arrow--direction-left oec-directional-link__arrow--side-left"
      >
        arrowRight.svg
      </svg>
      Back to reports
    </a>
    <div
      class="usa-alert usa-alert--error grid-row margin-y-4"
      role="alert"
    >
      <div
        class="display-flex flex-fill"
      >
        <div
          class="usa-alert__body grid-col flex-fill"
        >
          <h2
            class="usa-alert__heading"
          >
            Update roster
          </h2>
          <p
            class="usa-alert__text"
          >
            There are 2 enrollments missing information required to submit this report.
          </p>
        </div>
        <div
          class="usa-alert__body flex-auto display-flex flex-align-center"
        >
          <a
            class="usa-button"
            href="/roster"
          >
            Update roster
          </a>
        </div>
      </div>
    </div>
  </div>
  <div
    class="grid-container"
  >
    <div
      class="grid-row flex-first-baseline flex-space-between"
    >
      <h1
        class="tablet:grid-col-auto"
      >
        September 2019 CDC Report 
        <span
          class="usa-tag margin-left-1 text-middle bg-gold-20v"
        >
          DRAFT
        </span>
      </h1>
      <div
        class="tablet:grid-col-auto print-btn"
      >
        <button
          class="usa-button usa-button--outline"
          type="button"
        >
          Print
        </button>
      </div>
    </div>
    <p
      class="usa-intro"
    >
      Test Organization 
      <br />
      September 01, 2019–September 28, 2019
    </p>
    <div
      class="usa-form-group margin-bottom-5"
    >
      <div
        class="margin-top-3"
      />
      <div
        class="usa-checkbox undefined"
      >
        <input
          checked=""
          class="usa-checkbox__input"
          id="accredited-accredited"
          name="accredited"
          type="checkbox"
          value="accredited"
        />
        <label
          class="usa-checkbox__label"
          for="accredited-accredited"
        >
          Accredited
        </label>
      </div>
    </div>
    <h2
      class="margin-bottom-neg-205"
    >
      Monthly utilization
    </h2>
    <table
      class="oec-table oec-table--full-width"
      id="utilization-table"
    >
      <thead>
        <tr>
          <th
            aria-sort="none"
            class="oec-table__column-header"
            role="columnheader"
            scope="col"
          >
            <span
              class="oec-table__column-title"
            />
          </th>
          <th
            aria-sort="none"
            class="oec-table__column-header"
            role="columnheader"
            scope="col"
          >
            <span
              class="oec-table__column-title"
            >
              Utilization
            </span>
          </th>
          <th
            aria-sort="none"
            class="oec-table__column-header"
            role="columnheader"
            scope="col"
          >
            <span
              class="oec-table__column-title"
            >
              Reimbursement 
              <br />
              rate (weekly)
            </span>
          </th>
          <th
            aria-sort="none"
            class="oec-table__column-header"
            role="columnheader"
            scope="col"
          >
            <span
              class="oec-table__column-title"
            >
              Total (4 weeks)
            </span>
          </th>
          <th
            aria-sort="none"
            class="oec-table__column-header"
            role="columnheader"
            scope="col"
          >
            <span
              class="oec-table__column-title"
            >
              Balance
            </span>
          </th>
        </tr>
      </thead>
      <tbody>
        <tr>
          <th>
            <strong>
              Infant/Toddler
            </strong>
             – full time
          </th>
          <td
            class=" oec-table__cell--red"
          >
            1/0 spaces
          </td>
          <td>
            $169.95
          </td>
          <td
            class=""
          >
            $0.00
          </td>
          <td
            class=" "
          >
            $0.00
          </td>
        </tr>
        <tr>
          <th>
            <strong>
              Infant/Toddler
            </strong>
             – part time
          </th>
          <td
            class=" oec-table__cell--red"
          >
            1/0 spaces
          </td>
          <td>
            $59.50
          </td>
          <td
            class=""
          >
            $0.00
          </td>
          <td
            class=" "
          >
            $0.00
          </td>
        </tr>
        <tr>
          <th>
            <strong>
              Preschool
            </strong>
             – full time
          </th>
          <td
            class=" oec-table__cell--red"
          >
            5/2 spaces
          </td>
          <td>
            $165.32
          </td>
          <td
            class=""
          >
            $1,322.56
          </td>
          <td
            class=" "
          >
            $0.00
          </td>
        </tr>
        <tr>
          <th>
            <strong>
              Preschool
            </strong>
             – part time
          </th>
          <td
            class=" oec-table__cell--red"
          >
            1/0 spaces
          </td>
          <td>
            $57.85
          </td>
          <td
            class=""
          >
            $0.00
          </td>
          <td
            class=" "
          >
            $0.00
          </td>
        </tr>
        <tr>
          <th>
            <strong>
              Total
            </strong>
          </th>
          <td
            class="oec-table__cell--strong oec-table__cell--red"
          >
            8/2 spaces
          </td>
          <td />
          <td
            class="oec-table__cell--strong"
          >
            $1,322.56
          </td>
          <td
            class="oec-table__cell--strong "
          >
            $0.00
          </td>
        </tr>
      </tbody>
    </table>
    <form
      autocomplete="off"
      class="usa-form"
      novalidate=""
    >
      <h2>
        Other Revenue
      </h2>
      <fieldset
        aria-required="true"
        class="grid-gap grid-row usa-fieldset
			
			 undefined
			"
        id="other-revenue"
      >
        <legend
          id="fieldset-legend-other-revenue"
        >
          <span
            class="usa-sr-only"
          >
            Other Revenue
          </span>
        </legend>
        <div
          class="grid-gap grid-row undefined"
        >
          <div
            class="mobile-lg:grid-col-12"
          >
            <div
              class="flex-fill usa-form-group"
            >
              <label
                class="usa-label"
                for="c4k-revenue"
              >
                <span
                  class="text-bold"
                >
                  Care 4 Kids
                </span>
                <span>
                   (0 kids receiving subsidies)
                </span>
                 
              </label>
              <input
                aria-required="true"
                class="usa-input"
                id="c4k-revenue"
                name="c4KRevenue"
                type="text"
                value=""
              />
            </div>
          </div>
          <div
            class="usa-form-group "
          >
            <div
              class="margin-top-3"
            />
            <div
              class="usa-checkbox undefined"
            >
              <input
                class="usa-checkbox__input"
                id="c4k-includes-retroactive-retroactiveC4KRevenue"
                name="retroactiveC4KRevenue"
                type="checkbox"
                value="retroactiveC4KRevenue"
              />
              <label
                class="usa-checkbox__label"
                for="c4k-includes-retroactive-retroactiveC4KRevenue"
              >
                Includes retroactive payment for past months
              </label>
            </div>
          </div>
          <div
            class="mobile-lg:grid-col-12"
          >
            <div
              class="flex-fill usa-form-group"
            >
              <label
                class="usa-label"
                for="family-fees-revenue"
              >
                <span
                  class="text-bold"
                >
                  Family Fees
                </span>
                 
              </label>
              <input
                aria-required="true"
                class="usa-input"
                id="family-fees-revenue"
                name="familyFeesRevenue"
                type="text"
                value="$1,000.00"
              />
            </div>
          </div>
          <div
            class="mobile-lg:grid-col-12"
          >
            <div
              class=" usa-form-group"
            >
              <label
                class="usa-label"
                for="cdc-report-comment"
              >
                <span
                  class="text-bold"
                >
                  Anything to share with the Office of Early Childhood about your report?
                </span>
                 
                <span
                  class="usa-hint"
                >
                   (optional)
                </span>
              </label>
              <textarea
                aria-required="false"
                class="usa-textarea"
                id="cdc-report-comment"
                name="comment"
              />
            </div>
          </div>
        </div>
      </fieldset>
      <button
        class="usa-button"
        disabled=""
        type="button"
      >
        Submit
      </button>
    </form>
  </div>
</DocumentFragment>
`;
