// Jest Snapshot v1, https://goo.gl/fbAQLP

exports[`ReportSubmitForm matches snapshot 1`] = `
<DocumentFragment>
  <div
    class="usa-form-group margin-bottom-5"
  >
    <div
      class="margin-top-3"
    />
    <div
      class="usa-checkbox undefined"
    >
      <input
        checked=""
        class="usa-checkbox__input"
        id="accredited-accredited"
        name="accredited"
        type="checkbox"
        value="accredited"
      />
      <label
        class="usa-checkbox__label"
        for="accredited-accredited"
      >
        Accredited
      </label>
    </div>
  </div>
  <h2
    class="margin-bottom-neg-205"
  >
    Monthly utilization
  </h2>
  <table
    class="oec-table oec-table--full-width"
    id="utilization-table"
  >
    <thead>
      <tr>
        <th
          aria-sort="none"
          class="oec-table__column-header"
          role="columnheader"
          scope="col"
        >
          <span
            class="oec-table__column-title"
          />
        </th>
        <th
          aria-sort="none"
          class="oec-table__column-header"
          role="columnheader"
          scope="col"
        >
          <span
            class="oec-table__column-title"
          >
            Utilization
          </span>
        </th>
        <th
          aria-sort="none"
          class="oec-table__column-header"
          role="columnheader"
          scope="col"
        >
          <span
            class="oec-table__column-title"
          >
            Reimbursement 
            <br />
            rate (weekly)
          </span>
        </th>
        <th
          aria-sort="none"
          class="oec-table__column-header"
          role="columnheader"
          scope="col"
        >
          <span
            class="oec-table__column-title"
          >
            Total (4 weeks)
          </span>
        </th>
        <th
          aria-sort="none"
          class="oec-table__column-header"
          role="columnheader"
          scope="col"
        >
          <span
            class="oec-table__column-title"
          >
            Balance
          </span>
        </th>
      </tr>
    </thead>
    <tbody>
      <tr>
        <th>
          <strong>
            Infant/Toddler
          </strong>
           – full time
        </th>
        <td
          class=" oec-table__cell--red"
        >
          1/0 spaces
        </td>
        <td>
          $169.95
        </td>
        <td
          class=""
        >
          $0.00
        </td>
        <td
          class=" "
        >
          $0.00
        </td>
      </tr>
      <tr>
        <th>
          <strong>
            Infant/Toddler
          </strong>
           – part time
        </th>
        <td
          class=" oec-table__cell--red"
        >
          1/0 spaces
        </td>
        <td>
          $59.50
        </td>
        <td
          class=""
        >
          $0.00
        </td>
        <td
          class=" "
        >
          $0.00
        </td>
      </tr>
      <tr>
        <th>
          <strong>
            Preschool
          </strong>
           – full time
        </th>
        <td
          class=" oec-table__cell--red"
        >
          5/2 spaces
        </td>
        <td>
          $165.32
        </td>
        <td
          class=""
        >
          $1,322.56
        </td>
        <td
          class=" "
        >
          $0.00
        </td>
      </tr>
      <tr>
        <th>
          <strong>
            Preschool
          </strong>
           – part time
        </th>
        <td
          class=" oec-table__cell--red"
        >
          1/0 spaces
        </td>
        <td>
          $57.85
        </td>
        <td
          class=""
        >
          $0.00
        </td>
        <td
          class=" "
        >
          $0.00
        </td>
      </tr>
      <tr>
        <th>
          <strong>
            Total
          </strong>
        </th>
        <td
          class="oec-table__cell--strong oec-table__cell--red"
        >
          8/2 spaces
        </td>
        <td />
        <td
          class="oec-table__cell--strong"
        >
          $1,322.56
        </td>
        <td
          class="oec-table__cell--strong "
        >
          $0.00
        </td>
      </tr>
    </tbody>
  </table>
  <form
    autocomplete="off"
    class="usa-form"
    novalidate=""
  >
    <h2>
      Other Revenue
    </h2>
    <fieldset
      aria-required="true"
      class="grid-gap grid-row usa-fieldset
			
			 undefined
			"
      id="other-revenue"
    >
      <legend
        id="fieldset-legend-other-revenue"
      >
        <span
          class="usa-sr-only"
        >
          Other Revenue
        </span>
      </legend>
      <div
        class="grid-gap grid-row undefined"
      >
        <div
          class=" usa-form-group"
        >
          <label
            class="usa-label"
            for="c4k-revenue"
          >
            <span
              class="text-bold"
            >
              Care 4 Kids
            </span>
            <span>
               (0 kids receiving subsidies)
            </span>
             
            <span
              class="usa-hint"
            >
               (optional)
            </span>
          </label>
          <input
            aria-required="false"
            class="usa-input"
            id="c4k-revenue"
            name="c4KRevenue"
            type="text"
            value=""
          />
        </div>
        <div
          class="usa-form-group "
        >
          <div
            class="margin-top-3"
          />
          <div
            class="usa-checkbox undefined"
          >
            <input
              class="usa-checkbox__input"
              id="c4k-includes-retroactive-retroactiveC4KRevenue"
              name="retroactiveC4KRevenue"
              type="checkbox"
              value="retroactiveC4KRevenue"
            />
            <label
              class="usa-checkbox__label"
              for="c4k-includes-retroactive-retroactiveC4KRevenue"
            >
              Includes retroactive payment for past months
            </label>
          </div>
        </div>
        <div
          class=" usa-form-group"
        >
          <label
            class="usa-label"
            for="family-fees-revenue"
          >
            <span
              class="text-bold"
            >
              Family Fees
            </span>
             
          </label>
          <input
            aria-required="true"
            class="usa-input"
            id="family-fees-revenue"
            name="familyFeesRevenue"
            type="text"
            value="$1,000.00"
          />
        </div>
        <div
          class=" usa-form-group"
        >
          <label
            class="usa-label"
            for="cdc-report-comment"
          >
            <span
              class="text-bold"
            >
              Anything to share with the Office of Early Childhood about your report?
            </span>
             
            <span
              class="usa-hint"
            >
               (optional)
            </span>
          </label>
          <textarea
            aria-required="false"
            class="usa-textarea"
            id="cdc-report-comment"
            name="comment"
          />
        </div>
      </div>
    </fieldset>
    <input
      class="usa-button"
      type="submit"
      value="Submit"
    />
  </form>
</DocumentFragment>
`;
