// Jest Snapshot v1, https://goo.gl/fbAQLP

exports[`UtilizationTable matches snapshot 1`] = `
<DocumentFragment>
  <h2
    class="margin-bottom-neg-205"
  >
    Monthly utilization
  </h2>
  <table
    class="oec-table oec-table--full-width"
    id="utilization-table"
  >
    <thead>
      <tr>
        <th
          aria-sort="none"
          class="oec-table__column-header"
          role="columnheader"
          scope="col"
        >
          <span
            class="oec-table__column-title"
          />
        </th>
        <th
          aria-sort="none"
          class="oec-table__column-header"
          role="columnheader"
          scope="col"
        >
          <span
            class="oec-table__column-title"
          >
            Utilization
          </span>
        </th>
        <th
          aria-sort="none"
          class="oec-table__column-header"
          role="columnheader"
          scope="col"
        >
          <span
            class="oec-table__column-title"
          >
            Reimbursement 
            <br />
            rate (weekly)
          </span>
        </th>
        <th
          aria-sort="none"
          class="oec-table__column-header"
          role="columnheader"
          scope="col"
        >
          <span
            class="oec-table__column-title"
          >
            Total (4 weeks)
          </span>
        </th>
        <th
          aria-sort="none"
          class="oec-table__column-header"
          role="columnheader"
          scope="col"
        >
          <span
            class="oec-table__column-title"
          >
            Balance
          </span>
        </th>
      </tr>
    </thead>
    <tbody>
      <tr>
        <th>
          <strong>
            Preschool
          </strong>
           – full time
        </th>
        <td
          class=" oec-table__cell--red"
        >
          1/2 spaces
        </td>
        <td>
          $165.32
        </td>
        <td
          class=""
        >
          $661.28
        </td>
        <td
          class=" oec-table__cell--red"
        >
          ($661.28)
        </td>
      </tr>
      <tr>
        <th>
          <strong>
            Total
          </strong>
        </th>
        <td
          class="oec-table__cell--strong oec-table__cell--red"
        >
          1/2 spaces
        </td>
        <td />
        <td
          class="oec-table__cell--strong"
        >
          $661.28
        </td>
        <td
          class="oec-table__cell--strong oec-table__cell--red"
        >
          ($661.28)
        </td>
      </tr>
    </tbody>
  </table>
</DocumentFragment>
`;
