// Jest Snapshot v1, https://goo.gl/fbAQLP

exports[`matches snapshot 1`] = `
<DocumentFragment>
  <div
    class="container"
  >
    <a
      class="usa-skipnav"
      href="#main-content"
    >
      Skip to main content
    </a>
    <div
      class=""
    >
      <div
        class="usa-overlay"
        data-testid="overlay"
      />
      <header
        class="usa-header usa-header--extended usa-header--oec-default"
        role="banner"
      >
        <div
          class="usa-navbar"
        >
          <div
            class="usa-logo"
            id="extended-logo"
          >
            <a
              aria-label="ECE Reporter home"
              href="/"
            >
              <div
                class="usa-logo__text display-flex flex-align-center"
              >
                <div>
                  <div
                    class="primary-title primary-title--only"
                  >
                    ECE Reporter
                  </div>
                </div>
              </div>
            </a>
          </div>
          <button
            class="usa-menu-btn"
          >
            Menu
          </button>
        </div>
        <nav
          class="usa-nav"
          role="navigation"
        >
          <div
            class="usa-nav__inner"
          >
            <button
              class="usa-nav__close"
            >
              <img
                alt="close"
                src="close.svg"
              />
            </button>
            <ul
              class="usa-nav__primary usa-accordion"
            />
            <div
              class="usa-nav__secondary usa-nav__secondary--extended"
            >
              <ul
                class="usa-nav__secondary-links"
              >
                <li
                  class="usa-nav__secondary-item"
                >
                  <a
                    href="/privacy-policy"
                  >
                    Privacy policy
                  </a>
                </li>
              </ul>
              <div
                class="oec-logged-in-user"
              >
                <a
                  href="/login"
                >
                  Sign in
                </a>
              </div>
            </div>
          </div>
        </nav>
      </header>
    </div>
    <main
      class=""
      id="main-content"
    />
  </div>
</DocumentFragment>
`;
