// Jest Snapshot v1, https://goo.gl/fbAQLP

exports[`EnrollmentDetail matches snapshot 1`] = `
<div>
  <div
    class="grid-container"
  >
    <a
      class="oec-directional-link"
      href="/roster"
    >
      <svg
        class="oec-directional-link__arrow oec-directional-link__arrow--direction-left oec-directional-link__arrow--side-left"
      >
        arrowRight.svg
      </svg>
      Back to roster
    </a>
  </div>
  <div
    class="grid-container"
  >
    <div
      class="grid-row flex-first-baseline flex-space-between"
    >
      <div>
        <h1>
          Lily Luna Potter
        </h1>
        <span
          class="usa-hint text-italic"
        >
          Last updated on January 1st, 2020 by T. User
        </span>
      </div>
      <a
        class="usa-button margin-right-0"
        href="/roster/sites/1/enrollments/1/withdraw"
      >
        Withdraw
      </a>
    </div>
    <section
      class="oec-enrollment-details-section"
    >
      <div
        class="oec-enrollment-details-section__content"
      >
        <h2>
          Child information
        </h2>
        <div
          class="ChildInfoSummary"
        >
          <p>
            Name: 
            Lily Luna Potter
          </p>
          <p>
            Birthdate: 
            12/12/2016
          </p>
          <p>
            Birth certificate: 
            Yes
          </p>
          <p>
            Race: 
            Native Hawaiian Or Pacific Islander
          </p>
          <p>
            Ethnicity: 
            Hispanic/Latinx
          </p>
          <p>
            Gender: 
            Female
          </p>
        </div>
      </div>
      <div
        class="oec-enrollment-details-section__actions"
      >
        <a
          class=""
          href="/roster/sites/1/enrollments/1/edit/child-information"
        >
          Edit
          <span
            class="usa-sr-only"
          >
             
            child information
          </span>
        </a>
      </div>
    </section>
    <section
      class="oec-enrollment-details-section"
    >
      <div
        class="oec-enrollment-details-section__content"
      >
        <h2>
          Family information
        </h2>
        <div
          class="FamilyInfoSummary"
        >
          <p>
            Address: 
            4 Privet Drive, Hogsmeade, CT 77777
             
            
          </p>
        </div>
      </div>
      <div
        class="oec-enrollment-details-section__actions"
      >
        <a
          class=""
          href="/roster/sites/1/enrollments/1/edit/family-information"
        >
          Edit
          <span
            class="usa-sr-only"
          >
             
            family information
          </span>
        </a>
      </div>
    </section>
    <section
      class="oec-enrollment-details-section"
    >
      <div
        class="oec-enrollment-details-section__content"
      >
        <h2>
          Family income determination
        </h2>
        <div
          class="FamilyIncomeSummary"
        >
          <p>
            Income determination not disclosed.
          </p>
        </div>
      </div>
      <div
        class="oec-enrollment-details-section__actions"
      >
        <a
          class=""
          href="/roster/sites/1/enrollments/1/edit/family-income"
        >
          Edit
          <span
            class="usa-sr-only"
          >
             
            family income determination
          </span>
        </a>
      </div>
    </section>
    <section
      class="oec-enrollment-details-section"
    >
      <div
        class="oec-enrollment-details-section__content"
      >
        <h2>
          Enrollment and funding
        </h2>
        <div
          class="EnrollmentFundingSummary"
        >
          <p>
            Site: 
             
          </p>
          <p>
            Age group:
             
            Preschool
          </p>
          <p>
             
            Enrollment date:
             
            02/03/2018
             
          </p>
          <p>
            Funding:
             
            CDC - full time
          </p>
          <p>
            First reporting period:
             
            March 2019
          </p>
        </div>
      </div>
      <div
        class="oec-enrollment-details-section__actions"
      >
        <a
          class=""
          href="/roster/sites/1/enrollments/1/edit/enrollment-funding"
        >
          Edit
          <span
            class="usa-sr-only"
          >
             
            enrollment and funding
          </span>
        </a>
      </div>
    </section>
  </div>
</div>
`;
