// Jest Snapshot v1, https://goo.gl/fbAQLP

exports[`EnrollmentNew FamilyIncome matches snapshot 1`] = `
<DocumentFragment>
  <div
    class=""
  />
  <div
    class="grid-container"
  >
    <h1>
      Enroll child
    </h1>
    <div
      class="margin-top-2 margin-bottom-5"
    >
      <ol
        class="oec-step-list"
      >
        <li
          class="oec-step-list__step oec-step-list__step--complete"
        >
          <div
            class="oec-step-list__step__content"
          >
            <h2
              class="oec-step-list__step__title"
            >
              Child information
            </h2>
            <div
              class="oec-step-list__step__summary"
            >
              <div
                class="ChildInfoSummary"
              >
                <p>
                  Name: Lily Luna Potter
                </p>
                <p>
                  Birthdate: 12/12/2016
                </p>
                <p>
                  Birth certificate: Yes
                </p>
                <p>
                  Race: Native Hawaiian Or Pacific Islander
                </p>
                <p>
                  Ethnicity: Hispanic/Latinx
                </p>
                <p>
                  Gender: Female
                </p>
              </div>
            </div>
          </div>
          <div
            class="oec-step-list__step__actions"
          >
            <div
              class="oec-step-list__step__status-text"
            >
              <span
                class="oec-inline-icon oec-inline-icon--complete"
              >
                <svg>
                  success.svg
                </svg>
              </span>
              Complete
            </div>
            <a
              class="usa-link"
              href="/child-information"
            >
              Edit
              <span
                class="usa-sr-only"
              >
                 child information
              </span>
            </a>
          </div>
        </li>
        <li
          class="oec-step-list__step oec-step-list__step--complete"
        >
          <div
            class="oec-step-list__step__content"
          >
            <h2
              class="oec-step-list__step__title"
            >
              Family information
            </h2>
            <div
              class="oec-step-list__step__summary"
            >
              <div
                class="FamilyInfoSummary"
              >
                <p>
                  Address: 4 Privet Drive, Hogsmeade, CT 77777 
                </p>
              </div>
            </div>
          </div>
          <div
            class="oec-step-list__step__actions"
          >
            <div
              class="oec-step-list__step__status-text"
            >
              <span
                class="oec-inline-icon oec-inline-icon--complete"
              >
                <svg>
                  success.svg
                </svg>
              </span>
              Complete
            </div>
            <a
              class="usa-link"
              href="/family-information"
            >
              Edit
              <span
                class="usa-sr-only"
              >
                 family information
              </span>
            </a>
          </div>
        </li>
        <li
          class="oec-step-list__step oec-step-list__step--active"
        >
          <div
            class="oec-step-list__step__content"
          >
            <h2
              class="oec-step-list__step__title"
            >
              Family income determination
            </h2>
            <div
              class="oec-step-list__step__form"
            >
              <form
                autocomplete="off"
                class="enrollment-new-family-income-section usa-form"
                novalidate=""
              >
                <fieldset
                  aria-required="true"
                  class="grid-gap grid-row usa-fieldset"
                  id="family-income-determination"
                >
                  <legend
                    id="fieldset-legend-family-income-determination"
                  >
                    <span
                      class="usa-sr-only"
                    >
                      Family income determination
                    </span>
                  </legend>
                  <div
                    class="grid-gap grid-row"
                  >
                    <div>
                      <div
                        class=" usa-form-group"
                      >
                        <label
                          class="usa-label"
                          for="number-of-people-1"
                        >
                          Household size 
                        </label>
                        <input
                          aria-required="true"
                          class="usa-input usa-input--small"
                          id="number-of-people-1"
                          type="text"
                          value="4"
                        />
                      </div>
                    </div>
                    <div>
                      <div
                        class=" usa-form-group"
                      >
                        <label
                          class="usa-label"
                          for="income-1"
                        >
                          Annual household income 
                        </label>
                        <input
                          aria-required="true"
                          class="usa-input"
                          id="income-1"
                          type="text"
                          value="$20,000.00"
                        />
                      </div>
                    </div>
                    <div>
                      <fieldset
                        aria-describedby="determination-date-1-hint"
                        aria-required="true"
                        class="grid-gap grid-row usa-fieldset oec-date-input oec-date-input-single"
                        id="determination-date-1"
                      >
                        <legend
                          id="fieldset-legend-determination-date-1"
                        >
                          <span
                            class="usa-label"
                          >
                            Determination date
                          </span>
                        </legend>
                        <span
                          class="usa-hint text-italic"
                        >
                          For example: 04/28/1986
                        </span>
                        <div
                          class="grid-gap grid-row"
                        >
                          <input
                            aria-hidden="true"
                            disabled=""
                            hidden=""
                            id="determination-date-1-internal"
                            value="1546300800000"
                          />
                          <div
                            class="grid-row flex-row flex-align-end grid-gap position-relative"
                          >
                            <div
                              class="oec-date-input__text usa-form-group"
                            >
                              <label
                                class="usa-label usa-sr-only"
                                for="determination-date-1-input"
                              >
                                Determination date 
                              </label>
                              <input
                                aria-required="true"
                                class="usa-input"
                                id="determination-date-1-input"
                                type="text"
                                value="01/01/2019"
                              />
                            </div>
                            <div
                              class="oec-calendar-dropdown oec-date-input__calendar-dropdown"
                            >
                              <button
                                class="usa-button oec-calendar-toggle oec-calendar-dropdown__toggle"
                                title="open calendar"
                                type="button"
                              >
                                <svg
                                  class="oec-calendar-toggle__icon"
                                >
                                  calendar.svg
                                </svg>
                              </button>
                              <div
                                class="oec-calendar-dropdown__calendar position-absolute z-top"
                                hidden=""
                              >
                                <div
                                  class="DayPicker DayPicker_1 DayPicker__horizontal DayPicker__horizontal_2 DayPicker__hidden DayPicker__hidden_3 DayPicker__withBorder DayPicker__withBorder_4"
                                  style="width: 319px;"
                                >
                                  <div>
                                    <div
                                      class=""
                                      style="width: 318px;"
                                    >
                                      <div
                                        aria-hidden="true"
                                        class="DayPicker_weekHeaders DayPicker_weekHeaders_1 DayPicker_weekHeaders__horizontal DayPicker_weekHeaders__horizontal_2"
                                        role="presentation"
                                      >
                                        <div
                                          class="DayPicker_weekHeader DayPicker_weekHeader_1"
                                          style="left: 0px; padding: 0px 13px;"
                                        >
                                          <ul
                                            class="DayPicker_weekHeader_ul DayPicker_weekHeader_ul_1"
                                          >
                                            <li
                                              class="DayPicker_weekHeader_li DayPicker_weekHeader_li_1"
                                              style="width: 39px;"
                                            >
                                              <small>
                                                Su
                                              </small>
                                            </li>
                                            <li
                                              class="DayPicker_weekHeader_li DayPicker_weekHeader_li_1"
                                              style="width: 39px;"
                                            >
                                              <small>
                                                Mo
                                              </small>
                                            </li>
                                            <li
                                              class="DayPicker_weekHeader_li DayPicker_weekHeader_li_1"
                                              style="width: 39px;"
                                            >
                                              <small>
                                                Tu
                                              </small>
                                            </li>
                                            <li
                                              class="DayPicker_weekHeader_li DayPicker_weekHeader_li_1"
                                              style="width: 39px;"
                                            >
                                              <small>
                                                We
                                              </small>
                                            </li>
                                            <li
                                              class="DayPicker_weekHeader_li DayPicker_weekHeader_li_1"
                                              style="width: 39px;"
                                            >
                                              <small>
                                                Th
                                              </small>
                                            </li>
                                            <li
                                              class="DayPicker_weekHeader_li DayPicker_weekHeader_li_1"
                                              style="width: 39px;"
                                            >
                                              <small>
                                                Fr
                                              </small>
                                            </li>
                                            <li
                                              class="DayPicker_weekHeader_li DayPicker_weekHeader_li_1"
                                              style="width: 39px;"
                                            >
                                              <small>
                                                Sa
                                              </small>
                                            </li>
                                          </ul>
                                        </div>
                                      </div>
                                      <div
                                        aria-label="Calendar"
                                        aria-roledescription="datepicker"
                                        class="DayPicker_focusRegion DayPicker_focusRegion_1"
                                        role="application"
                                        tabindex="-1"
                                      >
                                        <div
                                          class="DayPickerNavigation DayPickerNavigation_1 DayPickerNavigation__horizontal DayPickerNavigation__horizontal_2"
                                        >
                                          <div
                                            aria-label="Move backward to switch to the previous month."
                                            class="DayPickerNavigation_button DayPickerNavigation_button_1 DayPickerNavigation_button__default DayPickerNavigation_button__default_2 DayPickerNavigation_button__horizontal DayPickerNavigation_button__horizontal_3 DayPickerNavigation_button__horizontalDefault DayPickerNavigation_button__horizontalDefault_4 DayPickerNavigation_leftButton__horizontalDefault DayPickerNavigation_leftButton__horizontalDefault_5"
                                            role="button"
                                            tabindex="0"
                                          >
                                            <svg
                                              class="DayPickerNavigation_svg__horizontal DayPickerNavigation_svg__horizontal_1"
                                              focusable="false"
                                              viewBox="0 0 1000 1000"
                                            >
                                              <path
                                                d="M336 275L126 485h806c13 0 23 10 23 23s-10 23-23 23H126l210 210c11 11 11 21 0 32-5 5-10 7-16 7s-11-2-16-7L55 524c-11-11-11-21 0-32l249-249c21-22 53 10 32 32z"
                                              />
                                            </svg>
                                          </div>
                                          <div
                                            aria-label="Move forward to switch to the next month."
                                            class="DayPickerNavigation_button DayPickerNavigation_button_1 DayPickerNavigation_button__default DayPickerNavigation_button__default_2 DayPickerNavigation_button__horizontal DayPickerNavigation_button__horizontal_3 DayPickerNavigation_button__horizontalDefault DayPickerNavigation_button__horizontalDefault_4 DayPickerNavigation_rightButton__horizontalDefault DayPickerNavigation_rightButton__horizontalDefault_5"
                                            role="button"
                                            tabindex="0"
                                          >
                                            <svg
                                              class="DayPickerNavigation_svg__horizontal DayPickerNavigation_svg__horizontal_1"
                                              focusable="false"
                                              viewBox="0 0 1000 1000"
                                            >
                                              <path
                                                d="M694 242l249 250c12 11 12 21 1 32L694 773c-5 5-10 7-16 7s-11-2-16-7c-11-11-11-21 0-32l210-210H68c-13 0-23-10-23-23s10-23 23-23h806L662 275c-21-22 11-54 32-33z"
                                              />
                                            </svg>
                                          </div>
                                        </div>
                                        <div
                                          class="DayPicker_transitionContainer DayPicker_transitionContainer_1"
                                          style="width: 318px; height: 0px;"
                                        >
                                          <div
                                            class="CalendarMonthGrid CalendarMonthGrid_1 CalendarMonthGrid__horizontal CalendarMonthGrid__horizontal_2"
                                            style="transform: translateX(0px); width: 900px;"
                                          >
                                            <div
                                              class="CalendarMonthGrid_month__horizontal CalendarMonthGrid_month__horizontal_1 CalendarMonthGrid_month__hideForAnimation CalendarMonthGrid_month__hideForAnimation_2 CalendarMonthGrid_month__hidden CalendarMonthGrid_month__hidden_3"
                                            >
                                              <div
                                                class="CalendarMonth CalendarMonth_1"
                                                data-visible="false"
                                                style="padding: 0px 13px;"
                                              >
                                                <div
                                                  class="CalendarMonth_caption CalendarMonth_caption_1"
                                                >
                                                  <strong>
                                                    February 2019
                                                  </strong>
                                                </div>
                                                <table
                                                  class="CalendarMonth_table CalendarMonth_table_1"
                                                  role="presentation"
                                                >
                                                  <tbody>
                                                    <tr>
                                                      <td />
                                                      <td />
                                                      <td />
                                                      <td />
                                                      <td />
                                                      <td
                                                        aria-disabled="false"
                                                        aria-label="Friday, February 1, 2019"
                                                        class="CalendarDay CalendarDay_1 CalendarDay__default CalendarDay__default_2"
                                                        role="button"
                                                        style="width: 39px; height: 38px;"
                                                        tabindex="-1"
                                                      >
                                                        1
                                                      </td>
                                                      <td
                                                        aria-disabled="false"
                                                        aria-label="Saturday, February 2, 2019"
                                                        class="CalendarDay CalendarDay_1 CalendarDay__default CalendarDay__default_2 CalendarDay__lastDayOfWeek CalendarDay__lastDayOfWeek_3"
                                                        role="button"
                                                        style="width: 39px; height: 38px;"
                                                        tabindex="-1"
                                                      >
                                                        2
                                                      </td>
                                                    </tr>
                                                    <tr>
                                                      <td
                                                        aria-disabled="false"
                                                        aria-label="Sunday, February 3, 2019"
                                                        class="CalendarDay CalendarDay_1 CalendarDay__default CalendarDay__default_2 CalendarDay__firstDayOfWeek CalendarDay__firstDayOfWeek_3"
                                                        role="button"
                                                        style="width: 39px; height: 38px;"
                                                        tabindex="-1"
                                                      >
                                                        3
                                                      </td>
                                                      <td
                                                        aria-disabled="false"
                                                        aria-label="Monday, February 4, 2019"
                                                        class="CalendarDay CalendarDay_1 CalendarDay__default CalendarDay__default_2"
                                                        role="button"
                                                        style="width: 39px; height: 38px;"
                                                        tabindex="-1"
                                                      >
                                                        4
                                                      </td>
                                                      <td
                                                        aria-disabled="false"
                                                        aria-label="Tuesday, February 5, 2019"
                                                        class="CalendarDay CalendarDay_1 CalendarDay__default CalendarDay__default_2"
                                                        role="button"
                                                        style="width: 39px; height: 38px;"
                                                        tabindex="-1"
                                                      >
                                                        5
                                                      </td>
                                                      <td
                                                        aria-disabled="false"
                                                        aria-label="Wednesday, February 6, 2019"
                                                        class="CalendarDay CalendarDay_1 CalendarDay__default CalendarDay__default_2"
                                                        role="button"
                                                        style="width: 39px; height: 38px;"
                                                        tabindex="-1"
                                                      >
                                                        6
                                                      </td>
                                                      <td
                                                        aria-disabled="false"
                                                        aria-label="Thursday, February 7, 2019"
                                                        class="CalendarDay CalendarDay_1 CalendarDay__default CalendarDay__default_2"
                                                        role="button"
                                                        style="width: 39px; height: 38px;"
                                                        tabindex="-1"
                                                      >
                                                        7
                                                      </td>
                                                      <td
                                                        aria-disabled="false"
                                                        aria-label="Friday, February 8, 2019"
                                                        class="CalendarDay CalendarDay_1 CalendarDay__default CalendarDay__default_2"
                                                        role="button"
                                                        style="width: 39px; height: 38px;"
                                                        tabindex="-1"
                                                      >
                                                        8
                                                      </td>
                                                      <td
                                                        aria-disabled="false"
                                                        aria-label="Saturday, February 9, 2019"
                                                        class="CalendarDay CalendarDay_1 CalendarDay__default CalendarDay__default_2 CalendarDay__lastDayOfWeek CalendarDay__lastDayOfWeek_3"
                                                        role="button"
                                                        style="width: 39px; height: 38px;"
                                                        tabindex="-1"
                                                      >
                                                        9
                                                      </td>
                                                    </tr>
                                                    <tr>
                                                      <td
                                                        aria-disabled="false"
                                                        aria-label="Sunday, February 10, 2019"
                                                        class="CalendarDay CalendarDay_1 CalendarDay__default CalendarDay__default_2 CalendarDay__firstDayOfWeek CalendarDay__firstDayOfWeek_3"
                                                        role="button"
                                                        style="width: 39px; height: 38px;"
                                                        tabindex="-1"
                                                      >
                                                        10
                                                      </td>
                                                      <td
                                                        aria-disabled="false"
                                                        aria-label="Monday, February 11, 2019"
                                                        class="CalendarDay CalendarDay_1 CalendarDay__default CalendarDay__default_2"
                                                        role="button"
                                                        style="width: 39px; height: 38px;"
                                                        tabindex="-1"
                                                      >
                                                        11
                                                      </td>
                                                      <td
                                                        aria-disabled="false"
                                                        aria-label="Tuesday, February 12, 2019"
                                                        class="CalendarDay CalendarDay_1 CalendarDay__default CalendarDay__default_2"
                                                        role="button"
                                                        style="width: 39px; height: 38px;"
                                                        tabindex="-1"
                                                      >
                                                        12
                                                      </td>
                                                      <td
                                                        aria-disabled="false"
                                                        aria-label="Wednesday, February 13, 2019"
                                                        class="CalendarDay CalendarDay_1 CalendarDay__default CalendarDay__default_2"
                                                        role="button"
                                                        style="width: 39px; height: 38px;"
                                                        tabindex="-1"
                                                      >
                                                        13
                                                      </td>
                                                      <td
                                                        aria-disabled="false"
                                                        aria-label="Thursday, February 14, 2019"
                                                        class="CalendarDay CalendarDay_1 CalendarDay__default CalendarDay__default_2"
                                                        role="button"
                                                        style="width: 39px; height: 38px;"
                                                        tabindex="-1"
                                                      >
                                                        14
                                                      </td>
                                                      <td
                                                        aria-disabled="false"
                                                        aria-label="Friday, February 15, 2019"
                                                        class="CalendarDay CalendarDay_1 CalendarDay__default CalendarDay__default_2"
                                                        role="button"
                                                        style="width: 39px; height: 38px;"
                                                        tabindex="-1"
                                                      >
                                                        15
                                                      </td>
                                                      <td
                                                        aria-disabled="false"
                                                        aria-label="Saturday, February 16, 2019"
                                                        class="CalendarDay CalendarDay_1 CalendarDay__default CalendarDay__default_2 CalendarDay__lastDayOfWeek CalendarDay__lastDayOfWeek_3"
                                                        role="button"
                                                        style="width: 39px; height: 38px;"
                                                        tabindex="-1"
                                                      >
                                                        16
                                                      </td>
                                                    </tr>
                                                    <tr>
                                                      <td
                                                        aria-disabled="false"
                                                        aria-label="Sunday, February 17, 2019"
                                                        class="CalendarDay CalendarDay_1 CalendarDay__default CalendarDay__default_2 CalendarDay__firstDayOfWeek CalendarDay__firstDayOfWeek_3"
                                                        role="button"
                                                        style="width: 39px; height: 38px;"
                                                        tabindex="-1"
                                                      >
                                                        17
                                                      </td>
                                                      <td
                                                        aria-disabled="false"
                                                        aria-label="Monday, February 18, 2019"
                                                        class="CalendarDay CalendarDay_1 CalendarDay__default CalendarDay__default_2"
                                                        role="button"
                                                        style="width: 39px; height: 38px;"
                                                        tabindex="-1"
                                                      >
                                                        18
                                                      </td>
                                                      <td
                                                        aria-disabled="false"
                                                        aria-label="Tuesday, February 19, 2019"
                                                        class="CalendarDay CalendarDay_1 CalendarDay__default CalendarDay__default_2"
                                                        role="button"
                                                        style="width: 39px; height: 38px;"
                                                        tabindex="-1"
                                                      >
                                                        19
                                                      </td>
                                                      <td
                                                        aria-disabled="false"
                                                        aria-label="Wednesday, February 20, 2019"
                                                        class="CalendarDay CalendarDay_1 CalendarDay__default CalendarDay__default_2"
                                                        role="button"
                                                        style="width: 39px; height: 38px;"
                                                        tabindex="-1"
                                                      >
                                                        20
                                                      </td>
                                                      <td
                                                        aria-disabled="false"
                                                        aria-label="Thursday, February 21, 2019"
                                                        class="CalendarDay CalendarDay_1 CalendarDay__default CalendarDay__default_2"
                                                        role="button"
                                                        style="width: 39px; height: 38px;"
                                                        tabindex="-1"
                                                      >
                                                        21
                                                      </td>
                                                      <td
                                                        aria-disabled="false"
                                                        aria-label="Friday, February 22, 2019"
                                                        class="CalendarDay CalendarDay_1 CalendarDay__default CalendarDay__default_2"
                                                        role="button"
                                                        style="width: 39px; height: 38px;"
                                                        tabindex="-1"
                                                      >
                                                        22
                                                      </td>
                                                      <td
                                                        aria-disabled="false"
                                                        aria-label="Saturday, February 23, 2019"
                                                        class="CalendarDay CalendarDay_1 CalendarDay__default CalendarDay__default_2 CalendarDay__lastDayOfWeek CalendarDay__lastDayOfWeek_3"
                                                        role="button"
                                                        style="width: 39px; height: 38px;"
                                                        tabindex="-1"
                                                      >
                                                        23
                                                      </td>
                                                    </tr>
                                                    <tr>
                                                      <td
                                                        aria-disabled="false"
                                                        aria-label="Sunday, February 24, 2019"
                                                        class="CalendarDay CalendarDay_1 CalendarDay__default CalendarDay__default_2 CalendarDay__firstDayOfWeek CalendarDay__firstDayOfWeek_3"
                                                        role="button"
                                                        style="width: 39px; height: 38px;"
                                                        tabindex="-1"
                                                      >
                                                        24
                                                      </td>
                                                      <td
                                                        aria-disabled="false"
                                                        aria-label="Monday, February 25, 2019"
                                                        class="CalendarDay CalendarDay_1 CalendarDay__default CalendarDay__default_2"
                                                        role="button"
                                                        style="width: 39px; height: 38px;"
                                                        tabindex="-1"
                                                      >
                                                        25
                                                      </td>
                                                      <td
                                                        aria-disabled="false"
                                                        aria-label="Tuesday, February 26, 2019"
                                                        class="CalendarDay CalendarDay_1 CalendarDay__default CalendarDay__default_2"
                                                        role="button"
                                                        style="width: 39px; height: 38px;"
                                                        tabindex="-1"
                                                      >
                                                        26
                                                      </td>
                                                      <td
                                                        aria-disabled="false"
                                                        aria-label="Wednesday, February 27, 2019"
                                                        class="CalendarDay CalendarDay_1 CalendarDay__default CalendarDay__default_2"
                                                        role="button"
                                                        style="width: 39px; height: 38px;"
                                                        tabindex="-1"
                                                      >
                                                        27
                                                      </td>
                                                      <td
                                                        aria-disabled="false"
                                                        aria-label="Thursday, February 28, 2019"
                                                        class="CalendarDay CalendarDay_1 CalendarDay__default CalendarDay__default_2"
                                                        role="button"
                                                        style="width: 39px; height: 38px;"
                                                        tabindex="-1"
                                                      >
                                                        28
                                                      </td>
                                                      <td />
                                                      <td />
                                                    </tr>
                                                  </tbody>
                                                </table>
                                              </div>
                                            </div>
                                            <div
                                              class="CalendarMonthGrid_month__horizontal CalendarMonthGrid_month__horizontal_1"
                                            >
                                              <div
                                                class="CalendarMonth CalendarMonth_1"
                                                data-visible="true"
                                                style="padding: 0px 13px;"
                                              >
                                                <div
                                                  class="CalendarMonth_caption CalendarMonth_caption_1"
                                                >
                                                  <strong>
                                                    March 2019
                                                  </strong>
                                                </div>
                                                <table
                                                  class="CalendarMonth_table CalendarMonth_table_1"
                                                  role="presentation"
                                                >
                                                  <tbody>
                                                    <tr>
                                                      <td />
                                                      <td />
                                                      <td />
                                                      <td />
                                                      <td />
                                                      <td
                                                        aria-disabled="false"
                                                        aria-label="Friday, March 1, 2019"
                                                        class="CalendarDay CalendarDay_1 CalendarDay__default CalendarDay__default_2"
                                                        role="button"
                                                        style="width: 39px; height: 38px;"
                                                        tabindex="-1"
                                                      >
                                                        1
                                                      </td>
                                                      <td
                                                        aria-disabled="false"
                                                        aria-label="Saturday, March 2, 2019"
                                                        class="CalendarDay CalendarDay_1 CalendarDay__default CalendarDay__default_2"
                                                        role="button"
                                                        style="width: 39px; height: 38px;"
                                                        tabindex="-1"
                                                      >
                                                        2
                                                      </td>
                                                    </tr>
                                                    <tr>
                                                      <td
                                                        aria-disabled="false"
                                                        aria-label="Sunday, March 3, 2019"
                                                        class="CalendarDay CalendarDay_1 CalendarDay__default CalendarDay__default_2"
                                                        role="button"
                                                        style="width: 39px; height: 38px;"
                                                        tabindex="-1"
                                                      >
                                                        3
                                                      </td>
                                                      <td
                                                        aria-disabled="false"
                                                        aria-label="Monday, March 4, 2019"
                                                        class="CalendarDay CalendarDay_1 CalendarDay__default CalendarDay__default_2"
                                                        role="button"
                                                        style="width: 39px; height: 38px;"
                                                        tabindex="-1"
                                                      >
                                                        4
                                                      </td>
                                                      <td
                                                        aria-disabled="false"
                                                        aria-label="Tuesday, March 5, 2019"
                                                        class="CalendarDay CalendarDay_1 CalendarDay__default CalendarDay__default_2"
                                                        role="button"
                                                        style="width: 39px; height: 38px;"
                                                        tabindex="-1"
                                                      >
                                                        5
                                                      </td>
                                                      <td
                                                        aria-disabled="false"
                                                        aria-label="Wednesday, March 6, 2019"
                                                        class="CalendarDay CalendarDay_1 CalendarDay__default CalendarDay__default_2"
                                                        role="button"
                                                        style="width: 39px; height: 38px;"
                                                        tabindex="-1"
                                                      >
                                                        6
                                                      </td>
                                                      <td
                                                        aria-disabled="false"
                                                        aria-label="Thursday, March 7, 2019"
                                                        class="CalendarDay CalendarDay_1 CalendarDay__default CalendarDay__default_2"
                                                        role="button"
                                                        style="width: 39px; height: 38px;"
                                                        tabindex="-1"
                                                      >
                                                        7
                                                      </td>
                                                      <td
                                                        aria-disabled="false"
                                                        aria-label="Friday, March 8, 2019"
                                                        class="CalendarDay CalendarDay_1 CalendarDay__default CalendarDay__default_2"
                                                        role="button"
                                                        style="width: 39px; height: 38px;"
                                                        tabindex="-1"
                                                      >
                                                        8
                                                      </td>
                                                      <td
                                                        aria-disabled="false"
                                                        aria-label="Saturday, March 9, 2019"
                                                        class="CalendarDay CalendarDay_1 CalendarDay__default CalendarDay__default_2"
                                                        role="button"
                                                        style="width: 39px; height: 38px;"
                                                        tabindex="-1"
                                                      >
                                                        9
                                                      </td>
                                                    </tr>
                                                    <tr>
                                                      <td
                                                        aria-disabled="false"
                                                        aria-label="Sunday, March 10, 2019"
                                                        class="CalendarDay CalendarDay_1 CalendarDay__default CalendarDay__default_2"
                                                        role="button"
                                                        style="width: 39px; height: 38px;"
                                                        tabindex="-1"
                                                      >
                                                        10
                                                      </td>
                                                      <td
                                                        aria-disabled="false"
                                                        aria-label="Monday, March 11, 2019"
                                                        class="CalendarDay CalendarDay_1 CalendarDay__default CalendarDay__default_2"
                                                        role="button"
                                                        style="width: 39px; height: 38px;"
                                                        tabindex="-1"
                                                      >
                                                        11
                                                      </td>
                                                      <td
                                                        aria-disabled="false"
                                                        aria-label="Tuesday, March 12, 2019"
                                                        class="CalendarDay CalendarDay_1 CalendarDay__default CalendarDay__default_2"
                                                        role="button"
                                                        style="width: 39px; height: 38px;"
                                                        tabindex="-1"
                                                      >
                                                        12
                                                      </td>
                                                      <td
                                                        aria-disabled="false"
                                                        aria-label="Wednesday, March 13, 2019"
                                                        class="CalendarDay CalendarDay_1 CalendarDay__default CalendarDay__default_2"
                                                        role="button"
                                                        style="width: 39px; height: 38px;"
                                                        tabindex="-1"
                                                      >
                                                        13
                                                      </td>
                                                      <td
                                                        aria-disabled="false"
                                                        aria-label="Thursday, March 14, 2019"
                                                        class="CalendarDay CalendarDay_1 CalendarDay__default CalendarDay__default_2"
                                                        role="button"
                                                        style="width: 39px; height: 38px;"
                                                        tabindex="-1"
                                                      >
                                                        14
                                                      </td>
                                                      <td
                                                        aria-disabled="false"
                                                        aria-label="Friday, March 15, 2019"
                                                        class="CalendarDay CalendarDay_1 CalendarDay__default CalendarDay__default_2"
                                                        role="button"
                                                        style="width: 39px; height: 38px;"
                                                        tabindex="-1"
                                                      >
                                                        15
                                                      </td>
                                                      <td
                                                        aria-disabled="false"
                                                        aria-label="Saturday, March 16, 2019"
                                                        class="CalendarDay CalendarDay_1 CalendarDay__default CalendarDay__default_2"
                                                        role="button"
                                                        style="width: 39px; height: 38px;"
                                                        tabindex="-1"
                                                      >
                                                        16
                                                      </td>
                                                    </tr>
                                                    <tr>
                                                      <td
                                                        aria-disabled="false"
                                                        aria-label="Sunday, March 17, 2019"
                                                        class="CalendarDay CalendarDay_1 CalendarDay__default CalendarDay__default_2"
                                                        role="button"
                                                        style="width: 39px; height: 38px;"
                                                        tabindex="-1"
                                                      >
                                                        17
                                                      </td>
                                                      <td
                                                        aria-disabled="false"
                                                        aria-label="Monday, March 18, 2019"
                                                        class="CalendarDay CalendarDay_1 CalendarDay__default CalendarDay__default_2"
                                                        role="button"
                                                        style="width: 39px; height: 38px;"
                                                        tabindex="-1"
                                                      >
                                                        18
                                                      </td>
                                                      <td
                                                        aria-disabled="false"
                                                        aria-label="Tuesday, March 19, 2019"
                                                        class="CalendarDay CalendarDay_1 CalendarDay__default CalendarDay__default_2"
                                                        role="button"
                                                        style="width: 39px; height: 38px;"
                                                        tabindex="-1"
                                                      >
                                                        19
                                                      </td>
                                                      <td
                                                        aria-disabled="false"
                                                        aria-label="Wednesday, March 20, 2019"
                                                        class="CalendarDay CalendarDay_1 CalendarDay__default CalendarDay__default_2"
                                                        role="button"
                                                        style="width: 39px; height: 38px;"
                                                        tabindex="-1"
                                                      >
                                                        20
                                                      </td>
                                                      <td
                                                        aria-disabled="false"
                                                        aria-label="Thursday, March 21, 2019"
                                                        class="CalendarDay CalendarDay_1 CalendarDay__default CalendarDay__default_2"
                                                        role="button"
                                                        style="width: 39px; height: 38px;"
                                                        tabindex="-1"
                                                      >
                                                        21
                                                      </td>
                                                      <td
                                                        aria-disabled="false"
                                                        aria-label="Friday, March 22, 2019"
                                                        class="CalendarDay CalendarDay_1 CalendarDay__default CalendarDay__default_2"
                                                        role="button"
                                                        style="width: 39px; height: 38px;"
                                                        tabindex="-1"
                                                      >
                                                        22
                                                      </td>
                                                      <td
                                                        aria-disabled="false"
                                                        aria-label="Saturday, March 23, 2019"
                                                        class="CalendarDay CalendarDay_1 CalendarDay__default CalendarDay__default_2"
                                                        role="button"
                                                        style="width: 39px; height: 38px;"
                                                        tabindex="-1"
                                                      >
                                                        23
                                                      </td>
                                                    </tr>
                                                    <tr>
                                                      <td
                                                        aria-disabled="false"
                                                        aria-label="Sunday, March 24, 2019"
                                                        class="CalendarDay CalendarDay_1 CalendarDay__default CalendarDay__default_2"
                                                        role="button"
                                                        style="width: 39px; height: 38px;"
                                                        tabindex="-1"
                                                      >
                                                        24
                                                      </td>
                                                      <td
                                                        aria-disabled="false"
                                                        aria-label="Monday, March 25, 2019"
                                                        class="CalendarDay CalendarDay_1 CalendarDay__default CalendarDay__default_2"
                                                        role="button"
                                                        style="width: 39px; height: 38px;"
                                                        tabindex="-1"
                                                      >
                                                        25
                                                      </td>
                                                      <td
                                                        aria-disabled="false"
                                                        aria-label="Tuesday, March 26, 2019"
                                                        class="CalendarDay CalendarDay_1 CalendarDay__default CalendarDay__default_2"
                                                        role="button"
                                                        style="width: 39px; height: 38px;"
                                                        tabindex="-1"
                                                      >
                                                        26
                                                      </td>
                                                      <td
                                                        aria-disabled="false"
                                                        aria-label="Wednesday, March 27, 2019"
                                                        class="CalendarDay CalendarDay_1 CalendarDay__default CalendarDay__default_2"
                                                        role="button"
                                                        style="width: 39px; height: 38px;"
                                                        tabindex="-1"
                                                      >
                                                        27
                                                      </td>
                                                      <td
                                                        aria-disabled="false"
                                                        aria-label="Thursday, March 28, 2019"
                                                        class="CalendarDay CalendarDay_1 CalendarDay__default CalendarDay__default_2"
                                                        role="button"
                                                        style="width: 39px; height: 38px;"
                                                        tabindex="-1"
                                                      >
                                                        28
                                                      </td>
                                                      <td
                                                        aria-disabled="false"
                                                        aria-label="Friday, March 29, 2019"
                                                        class="CalendarDay CalendarDay_1 CalendarDay__default CalendarDay__default_2"
                                                        role="button"
                                                        style="width: 39px; height: 38px;"
                                                        tabindex="-1"
                                                      >
                                                        29
                                                      </td>
                                                      <td
                                                        aria-disabled="false"
                                                        aria-label="Saturday, March 30, 2019"
                                                        class="CalendarDay CalendarDay_1 CalendarDay__default CalendarDay__default_2"
                                                        role="button"
                                                        style="width: 39px; height: 38px;"
                                                        tabindex="-1"
                                                      >
                                                        30
                                                      </td>
                                                    </tr>
                                                    <tr>
                                                      <td
                                                        aria-disabled="false"
                                                        aria-label="Sunday, March 31, 2019"
                                                        class="CalendarDay CalendarDay_1 CalendarDay__default CalendarDay__default_2"
                                                        role="button"
                                                        style="width: 39px; height: 38px;"
                                                        tabindex="-1"
                                                      >
                                                        31
                                                      </td>
                                                      <td />
                                                      <td />
                                                      <td />
                                                      <td />
                                                      <td />
                                                      <td />
                                                    </tr>
                                                  </tbody>
                                                </table>
                                              </div>
                                            </div>
                                            <div
                                              class="CalendarMonthGrid_month__horizontal CalendarMonthGrid_month__horizontal_1 CalendarMonthGrid_month__hidden CalendarMonthGrid_month__hidden_2"
                                            >
                                              <div
                                                class="CalendarMonth CalendarMonth_1"
                                                data-visible="false"
                                                style="padding: 0px 13px;"
                                              >
                                                <div
                                                  class="CalendarMonth_caption CalendarMonth_caption_1"
                                                >
                                                  <strong>
                                                    April 2019
                                                  </strong>
                                                </div>
                                                <table
                                                  class="CalendarMonth_table CalendarMonth_table_1"
                                                  role="presentation"
                                                >
                                                  <tbody>
                                                    <tr>
                                                      <td />
                                                      <td
                                                        aria-disabled="false"
                                                        aria-label="Monday, April 1, 2019"
                                                        class="CalendarDay CalendarDay_1 CalendarDay__default CalendarDay__default_2"
                                                        role="button"
                                                        style="width: 39px; height: 38px;"
                                                        tabindex="-1"
                                                      >
                                                        1
                                                      </td>
                                                      <td
                                                        aria-disabled="false"
                                                        aria-label="Tuesday, April 2, 2019"
                                                        class="CalendarDay CalendarDay_1 CalendarDay__default CalendarDay__default_2"
                                                        role="button"
                                                        style="width: 39px; height: 38px;"
                                                        tabindex="-1"
                                                      >
                                                        2
                                                      </td>
                                                      <td
                                                        aria-disabled="false"
                                                        aria-label="Wednesday, April 3, 2019"
                                                        class="CalendarDay CalendarDay_1 CalendarDay__default CalendarDay__default_2"
                                                        role="button"
                                                        style="width: 39px; height: 38px;"
                                                        tabindex="-1"
                                                      >
                                                        3
                                                      </td>
                                                      <td
                                                        aria-disabled="false"
                                                        aria-label="Thursday, April 4, 2019"
                                                        class="CalendarDay CalendarDay_1 CalendarDay__default CalendarDay__default_2"
                                                        role="button"
                                                        style="width: 39px; height: 38px;"
                                                        tabindex="-1"
                                                      >
                                                        4
                                                      </td>
                                                      <td
                                                        aria-disabled="false"
                                                        aria-label="Friday, April 5, 2019"
                                                        class="CalendarDay CalendarDay_1 CalendarDay__default CalendarDay__default_2"
                                                        role="button"
                                                        style="width: 39px; height: 38px;"
                                                        tabindex="-1"
                                                      >
                                                        5
                                                      </td>
                                                      <td
                                                        aria-disabled="false"
                                                        aria-label="Saturday, April 6, 2019"
                                                        class="CalendarDay CalendarDay_1 CalendarDay__default CalendarDay__default_2"
                                                        role="button"
                                                        style="width: 39px; height: 38px;"
                                                        tabindex="-1"
                                                      >
                                                        6
                                                      </td>
                                                    </tr>
                                                    <tr>
                                                      <td
                                                        aria-disabled="false"
                                                        aria-label="Sunday, April 7, 2019"
                                                        class="CalendarDay CalendarDay_1 CalendarDay__default CalendarDay__default_2"
                                                        role="button"
                                                        style="width: 39px; height: 38px;"
                                                        tabindex="-1"
                                                      >
                                                        7
                                                      </td>
                                                      <td
                                                        aria-disabled="false"
                                                        aria-label="Monday, April 8, 2019"
                                                        class="CalendarDay CalendarDay_1 CalendarDay__default CalendarDay__default_2"
                                                        role="button"
                                                        style="width: 39px; height: 38px;"
                                                        tabindex="-1"
                                                      >
                                                        8
                                                      </td>
                                                      <td
                                                        aria-disabled="false"
                                                        aria-label="Tuesday, April 9, 2019"
                                                        class="CalendarDay CalendarDay_1 CalendarDay__default CalendarDay__default_2"
                                                        role="button"
                                                        style="width: 39px; height: 38px;"
                                                        tabindex="-1"
                                                      >
                                                        9
                                                      </td>
                                                      <td
                                                        aria-disabled="false"
                                                        aria-label="Wednesday, April 10, 2019"
                                                        class="CalendarDay CalendarDay_1 CalendarDay__default CalendarDay__default_2"
                                                        role="button"
                                                        style="width: 39px; height: 38px;"
                                                        tabindex="-1"
                                                      >
                                                        10
                                                      </td>
                                                      <td
                                                        aria-disabled="false"
                                                        aria-label="Thursday, April 11, 2019"
                                                        class="CalendarDay CalendarDay_1 CalendarDay__default CalendarDay__default_2"
                                                        role="button"
                                                        style="width: 39px; height: 38px;"
                                                        tabindex="-1"
                                                      >
                                                        11
                                                      </td>
                                                      <td
                                                        aria-disabled="false"
                                                        aria-label="Friday, April 12, 2019"
                                                        class="CalendarDay CalendarDay_1 CalendarDay__default CalendarDay__default_2"
                                                        role="button"
                                                        style="width: 39px; height: 38px;"
                                                        tabindex="-1"
                                                      >
                                                        12
                                                      </td>
                                                      <td
                                                        aria-disabled="false"
                                                        aria-label="Saturday, April 13, 2019"
                                                        class="CalendarDay CalendarDay_1 CalendarDay__default CalendarDay__default_2"
                                                        role="button"
                                                        style="width: 39px; height: 38px;"
                                                        tabindex="-1"
                                                      >
                                                        13
                                                      </td>
                                                    </tr>
                                                    <tr>
                                                      <td
                                                        aria-disabled="false"
                                                        aria-label="Sunday, April 14, 2019"
                                                        class="CalendarDay CalendarDay_1 CalendarDay__default CalendarDay__default_2"
                                                        role="button"
                                                        style="width: 39px; height: 38px;"
                                                        tabindex="-1"
                                                      >
                                                        14
                                                      </td>
                                                      <td
                                                        aria-disabled="false"
                                                        aria-label="Monday, April 15, 2019"
                                                        class="CalendarDay CalendarDay_1 CalendarDay__default CalendarDay__default_2"
                                                        role="button"
                                                        style="width: 39px; height: 38px;"
                                                        tabindex="-1"
                                                      >
                                                        15
                                                      </td>
                                                      <td
                                                        aria-disabled="false"
                                                        aria-label="Tuesday, April 16, 2019"
                                                        class="CalendarDay CalendarDay_1 CalendarDay__default CalendarDay__default_2"
                                                        role="button"
                                                        style="width: 39px; height: 38px;"
                                                        tabindex="-1"
                                                      >
                                                        16
                                                      </td>
                                                      <td
                                                        aria-disabled="false"
                                                        aria-label="Wednesday, April 17, 2019"
                                                        class="CalendarDay CalendarDay_1 CalendarDay__default CalendarDay__default_2"
                                                        role="button"
                                                        style="width: 39px; height: 38px;"
                                                        tabindex="-1"
                                                      >
                                                        17
                                                      </td>
                                                      <td
                                                        aria-disabled="false"
                                                        aria-label="Thursday, April 18, 2019"
                                                        class="CalendarDay CalendarDay_1 CalendarDay__default CalendarDay__default_2"
                                                        role="button"
                                                        style="width: 39px; height: 38px;"
                                                        tabindex="-1"
                                                      >
                                                        18
                                                      </td>
                                                      <td
                                                        aria-disabled="false"
                                                        aria-label="Friday, April 19, 2019"
                                                        class="CalendarDay CalendarDay_1 CalendarDay__default CalendarDay__default_2"
                                                        role="button"
                                                        style="width: 39px; height: 38px;"
                                                        tabindex="-1"
                                                      >
                                                        19
                                                      </td>
                                                      <td
                                                        aria-disabled="false"
                                                        aria-label="Saturday, April 20, 2019"
                                                        class="CalendarDay CalendarDay_1 CalendarDay__default CalendarDay__default_2"
                                                        role="button"
                                                        style="width: 39px; height: 38px;"
                                                        tabindex="-1"
                                                      >
                                                        20
                                                      </td>
                                                    </tr>
                                                    <tr>
                                                      <td
                                                        aria-disabled="false"
                                                        aria-label="Sunday, April 21, 2019"
                                                        class="CalendarDay CalendarDay_1 CalendarDay__default CalendarDay__default_2"
                                                        role="button"
                                                        style="width: 39px; height: 38px;"
                                                        tabindex="-1"
                                                      >
                                                        21
                                                      </td>
                                                      <td
                                                        aria-disabled="false"
                                                        aria-label="Monday, April 22, 2019"
                                                        class="CalendarDay CalendarDay_1 CalendarDay__default CalendarDay__default_2"
                                                        role="button"
                                                        style="width: 39px; height: 38px;"
                                                        tabindex="-1"
                                                      >
                                                        22
                                                      </td>
                                                      <td
                                                        aria-disabled="false"
                                                        aria-label="Tuesday, April 23, 2019"
                                                        class="CalendarDay CalendarDay_1 CalendarDay__default CalendarDay__default_2"
                                                        role="button"
                                                        style="width: 39px; height: 38px;"
                                                        tabindex="-1"
                                                      >
                                                        23
                                                      </td>
                                                      <td
                                                        aria-disabled="false"
                                                        aria-label="Wednesday, April 24, 2019"
                                                        class="CalendarDay CalendarDay_1 CalendarDay__default CalendarDay__default_2"
                                                        role="button"
                                                        style="width: 39px; height: 38px;"
                                                        tabindex="-1"
                                                      >
                                                        24
                                                      </td>
                                                      <td
                                                        aria-disabled="false"
                                                        aria-label="Thursday, April 25, 2019"
                                                        class="CalendarDay CalendarDay_1 CalendarDay__default CalendarDay__default_2"
                                                        role="button"
                                                        style="width: 39px; height: 38px;"
                                                        tabindex="-1"
                                                      >
                                                        25
                                                      </td>
                                                      <td
                                                        aria-disabled="false"
                                                        aria-label="Friday, April 26, 2019"
                                                        class="CalendarDay CalendarDay_1 CalendarDay__default CalendarDay__default_2"
                                                        role="button"
                                                        style="width: 39px; height: 38px;"
                                                        tabindex="-1"
                                                      >
                                                        26
                                                      </td>
                                                      <td
                                                        aria-disabled="false"
                                                        aria-label="Saturday, April 27, 2019"
                                                        class="CalendarDay CalendarDay_1 CalendarDay__default CalendarDay__default_2"
                                                        role="button"
                                                        style="width: 39px; height: 38px;"
                                                        tabindex="-1"
                                                      >
                                                        27
                                                      </td>
                                                    </tr>
                                                    <tr>
                                                      <td
                                                        aria-disabled="false"
                                                        aria-label="Sunday, April 28, 2019"
                                                        class="CalendarDay CalendarDay_1 CalendarDay__default CalendarDay__default_2"
                                                        role="button"
                                                        style="width: 39px; height: 38px;"
                                                        tabindex="-1"
                                                      >
                                                        28
                                                      </td>
                                                      <td
                                                        aria-disabled="false"
                                                        aria-label="Monday, April 29, 2019"
                                                        class="CalendarDay CalendarDay_1 CalendarDay__default CalendarDay__default_2"
                                                        role="button"
                                                        style="width: 39px; height: 38px;"
                                                        tabindex="-1"
                                                      >
                                                        29
                                                      </td>
                                                      <td
                                                        aria-disabled="false"
                                                        aria-label="Tuesday, April 30, 2019"
                                                        class="CalendarDay CalendarDay_1 CalendarDay__default CalendarDay__default_2"
                                                        role="button"
                                                        style="width: 39px; height: 38px;"
                                                        tabindex="-1"
                                                      >
                                                        30
                                                      </td>
                                                      <td />
                                                      <td />
                                                      <td />
                                                      <td />
                                                    </tr>
                                                  </tbody>
                                                </table>
                                              </div>
                                            </div>
                                          </div>
                                        </div>
                                        <div>
                                          <button
                                            aria-label="Open the keyboard shortcuts panel."
                                            class="DayPickerKeyboardShortcuts_buttonReset DayPickerKeyboardShortcuts_buttonReset_1 DayPickerKeyboardShortcuts_show DayPickerKeyboardShortcuts_show_2 DayPickerKeyboardShortcuts_show__bottomRight DayPickerKeyboardShortcuts_show__bottomRight_3"
                                            type="button"
                                          >
                                            <span
                                              class="DayPickerKeyboardShortcuts_showSpan DayPickerKeyboardShortcuts_showSpan_1 DayPickerKeyboardShortcuts_showSpan__bottomRight DayPickerKeyboardShortcuts_showSpan__bottomRight_2"
                                            >
                                              ?
                                            </span>
                                          </button>
                                        </div>
                                      </div>
                                    </div>
                                  </div>
                                </div>
                              </div>
                            </div>
                          </div>
                        </div>
                      </fieldset>
                    </div>
                  </div>
                </fieldset>
                <div
                  class="margin-top-2"
                >
                  <div
                    class="usa-checkbox undefined"
                  >
                    <input
                      class="usa-checkbox__input"
                      id="not-disclosed"
                      name=""
                      type="checkbox"
                      value="not-disclosed"
                    />
                    <label
                      class="usa-checkbox__label"
                      for="not-disclosed"
                    >
                      Family income not disclosed
                    </label>
                  </div>
                </div>
                <input
                  class="usa-button"
                  type="submit"
                  value="Save"
                />
              </form>
            </div>
          </div>
          <div
            class="oec-step-list__step__actions"
          />
        </li>
        <li
          class="oec-step-list__step oec-step-list__step--notStarted"
        >
          <div
            class="oec-step-list__step__content"
          >
            <h2
              class="oec-step-list__step__title"
            >
              Enrollment and funding
            </h2>
          </div>
          <div
            class="oec-step-list__step__actions"
          />
        </li>
      </ol>
    </div>
    <div
      class="grid-row flex-first-baseline flex-space-between"
    >
      <button
        class="usa-button usa-button--outline"
        type="button"
      >
        Cancel
      </button>
    </div>
  </div>
</DocumentFragment>
`;
