// Jest Snapshot v1, https://goo.gl/fbAQLP

exports[`EnrollmentEdit enrollment and funding matches snapshot 1`] = `
<DocumentFragment>
  <div
    class="grid-container"
  >
    <a
      class="oec-directional-link"
      href="/roster/sites/1/enrollments/1/"
    >
      <svg
        class="oec-directional-link__arrow oec-directional-link__arrow--direction-left oec-directional-link__arrow--side-left"
      >
        arrowRight.svg
      </svg>
      Back to enrollment details
    </a>
  </div>
  <div
    class="grid-container"
  >
    <h1>
      Edit enrollment and funding
    </h1>
    <p
      class="usa-intro"
    >
      Lily Luna Potter
    </p>
    <div
      class="usa-alert usa-alert--error grid-row margin-y-4"
      role="alert"
    >
      <div
        class="display-flex flex-fill"
      >
        <div
          class="usa-alert__body grid-col flex-fill"
        >
          <h2
            class="usa-alert__heading"
          >
            Something went wrong
          </h2>
          <p
            class="usa-alert__text"
          >
            <span>
              We were unable to save your changes. Please try again. If you continue to experience problems, contact 
              <a
                href="mailto:oec-data-pilot@skylight.digital&subject=ECE%20reporter%20bug"
                rel="noopener noreferrer"
                target="_blank"
              >
                oec-data-pilot@skylight.digital
              </a>
               for help.
            </span>
          </p>
        </div>
        <div
          class="usa-alert__body flex-auto display-flex flex-align-center"
        />
      </div>
    </div>
  </div>
</DocumentFragment>
`;
